Component: ARM Compiler 5.06 update 6 (build 750) Tool: armlink [4d35ed]

==============================================================================

Section Cross References

    startup_stm32f103xb.o(STACK) refers (Special) to heapauxi.o(.text) for __use_two_region_memory
    startup_stm32f103xb.o(HEAP) refers (Special) to heapauxi.o(.text) for __use_two_region_memory
    startup_stm32f103xb.o(RESET) refers (Special) to heapauxi.o(.text) for __use_two_region_memory
    startup_stm32f103xb.o(RESET) refers to startup_stm32f103xb.o(STACK) for __initial_sp
    startup_stm32f103xb.o(RESET) refers to startup_stm32f103xb.o(.text) for Reset_Handler
    startup_stm32f103xb.o(RESET) refers to stm32f1xx_it.o(i.NMI_Handler) for NMI_Handler
    startup_stm32f103xb.o(RESET) refers to stm32f1xx_it.o(i.HardFault_Handler) for HardFault_Handler
    startup_stm32f103xb.o(RESET) refers to stm32f1xx_it.o(i.MemManage_Handler) for MemManage_Handler
    startup_stm32f103xb.o(RESET) refers to stm32f1xx_it.o(i.BusFault_Handler) for BusFault_Handler
    startup_stm32f103xb.o(RESET) refers to stm32f1xx_it.o(i.UsageFault_Handler) for UsageFault_Handler
    startup_stm32f103xb.o(RESET) refers to stm32f1xx_it.o(i.SVC_Handler) for SVC_Handler
    startup_stm32f103xb.o(RESET) refers to stm32f1xx_it.o(i.DebugMon_Handler) for DebugMon_Handler
    startup_stm32f103xb.o(RESET) refers to stm32f1xx_it.o(i.PendSV_Handler) for PendSV_Handler
    startup_stm32f103xb.o(RESET) refers to stm32f1xx_it.o(i.SysTick_Handler) for SysTick_Handler
    startup_stm32f103xb.o(RESET) refers to stm32f1xx_it.o(i.EXTI0_IRQHandler) for EXTI0_IRQHandler
    startup_stm32f103xb.o(RESET) refers to stm32f1xx_it.o(i.EXTI1_IRQHandler) for EXTI1_IRQHandler
    startup_stm32f103xb.o(RESET) refers to stm32f1xx_it.o(i.TIM1_UP_IRQHandler) for TIM1_UP_IRQHandler
    startup_stm32f103xb.o(RESET) refers to stm32f1xx_it.o(i.TIM2_IRQHandler) for TIM2_IRQHandler
    startup_stm32f103xb.o(RESET) refers to stm32f1xx_it.o(i.TIM3_IRQHandler) for TIM3_IRQHandler
    startup_stm32f103xb.o(RESET) refers to stm32f1xx_it.o(i.USART1_IRQHandler) for USART1_IRQHandler
    startup_stm32f103xb.o(RESET) refers to stm32f1xx_it.o(i.EXTI15_10_IRQHandler) for EXTI15_10_IRQHandler
    startup_stm32f103xb.o(.text) refers (Special) to heapauxi.o(.text) for __use_two_region_memory
    startup_stm32f103xb.o(.text) refers to system_stm32f1xx.o(i.SystemInit) for SystemInit
    startup_stm32f103xb.o(.text) refers to __main.o(!!!main) for __main
    startup_stm32f103xb.o(.text) refers to startup_stm32f103xb.o(HEAP) for Heap_Mem
    startup_stm32f103xb.o(.text) refers to startup_stm32f103xb.o(STACK) for Stack_Mem
    ssd1306.o(i.ssd1306_DrawPixel) refers to ssd1306.o(.data) for .data
    ssd1306.o(i.ssd1306_DrawPixel) refers to ssd1306.o(.bss) for .bss
    ssd1306.o(i.ssd1306_Fill) refers to ssd1306.o(.bss) for .bss
    ssd1306.o(i.ssd1306_Init) refers to stm32f1xx_hal.o(i.HAL_Delay) for HAL_Delay
    ssd1306.o(i.ssd1306_Init) refers to ssd1306.o(i.ssd1306_WriteCommand) for ssd1306_WriteCommand
    ssd1306.o(i.ssd1306_Init) refers to ssd1306.o(i.ssd1306_Fill) for ssd1306_Fill
    ssd1306.o(i.ssd1306_Init) refers to ssd1306.o(i.ssd1306_UpdateScreen) for ssd1306_UpdateScreen
    ssd1306.o(i.ssd1306_Init) refers to ssd1306.o(.data) for .data
    ssd1306.o(i.ssd1306_SetCursor) refers to ssd1306.o(.data) for .data
    ssd1306.o(i.ssd1306_UpdateScreen) refers to ssd1306.o(i.ssd1306_WriteCommand) for ssd1306_WriteCommand
    ssd1306.o(i.ssd1306_UpdateScreen) refers to ssd1306.o(i.ssd1306_WriteData) for ssd1306_WriteData
    ssd1306.o(i.ssd1306_UpdateScreen) refers to ssd1306.o(.bss) for .bss
    ssd1306.o(i.ssd1306_WriteChar) refers to ssd1306.o(i.ssd1306_DrawPixel) for ssd1306_DrawPixel
    ssd1306.o(i.ssd1306_WriteChar) refers to ssd1306.o(.data) for .data
    ssd1306.o(i.ssd1306_WriteCommand) refers to stm32f1xx_hal_i2c.o(i.HAL_I2C_Mem_Write) for HAL_I2C_Mem_Write
    ssd1306.o(i.ssd1306_WriteCommand) refers to i2c.o(.bss) for hi2c1
    ssd1306.o(i.ssd1306_WriteData) refers to stm32f1xx_hal_i2c.o(i.HAL_I2C_Mem_Write) for HAL_I2C_Mem_Write
    ssd1306.o(i.ssd1306_WriteData) refers to i2c.o(.bss) for hi2c1
    ssd1306.o(i.ssd1306_WriteString) refers to ssd1306.o(i.ssd1306_WriteChar) for ssd1306_WriteChar
    ssd1306.o(i.ssd1306_draw_bitmap) refers to ssd1306.o(i.ssd1306_DrawPixel) for ssd1306_DrawPixel
    ssd1306_fonts.o(.data) refers to ssd1306_fonts.o(.constdata) for Font6x8
    ssd1306_fonts.o(.data) refers to ssd1306_fonts.o(.constdata) for Font7x10
    ssd1306_fonts.o(.data) refers to ssd1306_fonts.o(.constdata) for Font7x10_2
    ssd1306_fonts.o(.data) refers to ssd1306_fonts.o(.constdata) for Font11x18
    ssd1306_fonts.o(.data) refers to ssd1306_fonts.o(.constdata) for Font16x26
    clk.o(i.clk_TIM) refers to _printf_percent.o(.ARM.Collect$$_printf_percent$$00000000) for _printf_percent
    clk.o(i.clk_TIM) refers to _printf_d.o(.ARM.Collect$$_printf_percent$$00000009) for _printf_d
[...]
    ../clib/stdlib.c                         0x00000000   Number         0  rand.o ABSOLUTE
    ../clib/stdlib.c                         0x00000000   Number         0  exit.o ABSOLUTE
    ../clib/stdlib.c                         0x00000000   Number         0  rand.o ABSOLUTE
    ../clib/string.c                         0x00000000   Number         0  strcpy.o ABSOLUTE
    ../fplib/fpinit.s                        0x00000000   Number         0  fpinit.o ABSOLUTE
    ..\..\OLED_TEST\Core\Src\ssd1306.c       0x00000000   Number         0  ssd1306.o ABSOLUTE
    ..\..\OLED_TEST\Core\Src\ssd1306_fonts.c 0x00000000   Number         0  ssd1306_fonts.o ABSOLUTE
    ..\Core\Src\call.c                       0x00000000   Number         0  call.o ABSOLUTE
    ..\Core\Src\gpio.c                       0x00000000   Number         0  gpio.o ABSOLUTE
    ..\Core\Src\i2c.c                        0x00000000   Number         0  i2c.o ABSOLUTE
    ..\Core\Src\main.c                       0x00000000   Number         0  main.o ABSOLUTE
    ..\Core\Src\stm32f1xx_hal_msp.c          0x00000000   Number         0  stm32f1xx_hal_msp.o ABSOLUTE
    ..\Core\Src\stm32f1xx_it.c               0x00000000   Number         0  stm32f1xx_it.o ABSOLUTE
    ..\Core\Src\system_stm32f1xx.c           0x00000000   Number         0  system_stm32f1xx.o ABSOLUTE
    ..\Core\Src\tim.c                        0x00000000   Number         0  tim.o ABSOLUTE
    ..\Core\Src\usart.c                      0x00000000   Number         0  usart.o ABSOLUTE
    ..\Drivers\STM32F1xx_HAL_Driver\Src\stm32f1xx_hal.c 0x00000000   Number         0  stm32f1xx_hal.o ABSOLUTE
    ..\Drivers\STM32F1xx_HAL_Driver\Src\stm32f1xx_hal_cortex.c 0x00000000   Number         0  stm32f1xx_hal_cortex.o ABSOLUTE
    ..\Drivers\STM32F1xx_HAL_Driver\Src\stm32f1xx_hal_dma.c 0x00000000   Number         0  stm32f1xx_hal_dma.o ABSOLUTE
    ..\Drivers\STM32F1xx_HAL_Driver\Src\stm32f1xx_hal_exti.c 0x00000000   Number         0  stm32f1xx_hal_exti.o ABSOLUTE
    ..\Drivers\STM32F1xx_HAL_Driver\Src\stm32f1xx_hal_flash.c 0x00000000   Number         0  stm32f1xx_hal_flash.o ABSOLUTE
    ..\Drivers\STM32F1xx_HAL_Driver\Src\stm32f1xx_hal_flash_ex.c 0x00000000   Number         0  stm32f1xx_hal_flash_ex.o ABSOLUTE
    ..\Drivers\STM32F1xx_HAL_Driver\Src\stm32f1xx_hal_gpio.c 0x00000000   Number         0  stm32f1xx_hal_gpio.o ABSOLUTE
    ..\Drivers\STM32F1xx_HAL_Driver\Src\stm32f1xx_hal_gpio_ex.c 0x00000000   Number         0  stm32f1xx_hal_gpio_ex.o ABSOLUTE
    ..\Drivers\STM32F1xx_HAL_Driver\Src\stm32f1xx_hal_i2c.c 0x00000000   Number         0  stm32f1xx_hal_i2c.o ABSOLUTE
    ..\Drivers\STM32F1xx_HAL_Driver\Src\stm32f1xx_hal_pwr.c 0x00000000   Number         0  stm32f1xx_hal_pwr.o ABSOLUTE
    ..\Drivers\STM32F1xx_HAL_Driver\Src\stm32f1xx_hal_rcc.c 0x00000000   Number         0  stm32f1xx_hal_rcc.o ABSOLUTE
    ..\Drivers\STM32F1xx_HAL_Driver\Src\stm32f1xx_hal_rcc_ex.c 0x00000000   Number         0  stm32f1xx_hal_rcc_ex.o ABSOLUTE
    ..\Drivers\STM32F1xx_HAL_Driver\Src\stm32f1xx_hal_tim.c 0x00000000   Number         0  stm32f1xx_hal_tim.o ABSOLUTE
    ..\Drivers\STM32F1xx_HAL_Driver\Src\stm32f1xx_hal_tim_ex.c 0x00000000   Number         0  stm32f1xx_hal_tim_ex.o ABSOLUTE
    ..\Drivers\STM32F1xx_HAL_Driver\Src\stm32f1xx_hal_uart.c 0x00000000   Number         0  stm32f1xx_hal_uart.o ABSOLUTE
    ..\\..\\OLED_TEST\\Core\\Src\\ssd1306.c  0x00000000   Number         0  ssd1306.o ABSOLUTE
    ..\\Core\\Src\\call.c                    0x00000000   Number         0  call.o ABSOLUTE
    calender.c                               0x00000000   Number         0  calender.o ABSOLUTE
    calender.c                               0x00000000   Number         0  calender.o ABSOLUTE
    clk.c                                    0x00000000   Number         0  clk.o ABSOLUTE
    clk.c                                    0x00000000   Number         0  clk.o ABSOLUTE
    dc.s                                     0x00000000   Number         0  dc.o ABSOLUTE
    keypad_satr.c                            0x00000000   Number         0  keypad_satr.o ABSOLUTE
    keypad_satr.c                            0x00000000   Number         0  keypad_satr.o ABSOLUTE
    painter.c                                0x00000000   Number         0  painter.o ABSOLUTE
    painter.c                                0x00000000   Number         0  painter.o ABSOLUTE
    startup_stm32f103xb.s                    0x00000000   Number         0  startup_stm32f103xb.o ABSOLUTE
    timer.c                                  0x00000000   Number         0  timer.o ABSOLUTE
    timer.c                                  0x00000000   Number         0  timer.o ABSOLUTE
    RESET                                    0x08000000   Section      236  startup_stm32f103xb.o(RESET)
    !!!main                                  0x080000ec   Section        8  __main.o(!!!main)
    !!!scatter                               0x080000f4   Section       52  __scatter.o(!!!scatter)
    !!handler_copy                           0x08000128   Section       26  __scatter_copy.o(!!handler_copy)
    !!handler_zi                             0x08000144   Section       28  __scatter_zi.o(!!handler_zi)
    .ARM.Collect$$_printf_percent$$00000000  0x08000160   Section        0  _printf_percent.o(.ARM.Collect$$_printf_percent$$00000000)
    .ARM.Collect$$_printf_percent$$00000009  0x08000160   Section        6  _printf_d.o(.ARM.Collect$$_printf_percent$$00000009)
    .ARM.Collect$$_printf_percent$$00000017  0x08000166   Section        4  _printf_percent_end.o(.ARM.Collect$$_printf_percent$$00000017)
    .ARM.Collect$$libinit$$00000000          0x0800016a   Section        2  libinit.o(.ARM.Collect$$libinit$$00000000)
    .ARM.Collect$$libinit$$00000002          0x0800016c   Section        0  libinit2.o(.ARM.Collect$$libinit$$00000002)
    .ARM.Collect$$libinit$$00000004          0x0800016c   Section        0  libinit2.o(.ARM.Collect$$libinit$$00000004)
    .ARM.Collect$$libinit$$0000000A          0x0800016c   Section        0  libinit2.o(.ARM.Collect$$libinit$$0000000A)
    .ARM.Collect$$libinit$$0000000C          0x0800016c   Section        0  libinit2.o(.ARM.Collect$$libinit$$0000000C)
    .ARM.Collect$$libinit$$0000000D          0x0800016c   Section        4  libinit2.o(.ARM.Collect$$libinit$$0000000D)
    .ARM.Collect$$libinit$$0000000E          0x08000170   Section        0  libinit2.o(.ARM.Collect$$libinit$$0000000E)
    .ARM.Collect$$libinit$$00000011          0x08000170   Section        0  libinit2.o(.ARM.Collect$$libinit$$00000011)
    .ARM.Collect$$libinit$$00000013          0x08000170   Section        0  libinit2.o(.ARM.Collect$$libinit$$00000013)
    .ARM.Collect$$libinit$$00000015          0x08000170   Section        0  libinit2.o(.ARM.Collect$$libinit$$00000015)
    .ARM.Collect$$libinit$$00000017          0x08000170   Section        0  libinit2.o(.ARM.Collect$$libinit$$00000017)
    .ARM.Collect$$libinit$$00000019          0x08000170   Section        0  libinit2.o(.ARM.Collect$$libinit$$00000019)
    .ARM.Collect$$libinit$$0000001B          0x08000170   Section        0  libinit2.o(.ARM.Collect$$libinit$$0000001B)
    .ARM.Collect$$libinit$$0000001D          0x08000170   Section        0  libinit2.o(.ARM.Collect$$libinit$$0000001D)
    .ARM.Collect$$libinit$$0000001F          0x08000170   Section        0  libinit2.o(.ARM.Collect$$libinit$$0000001F)
    .ARM.Collect$$libinit$$00000021          0x08000170   Section        0  libinit2.o(.ARM.Collect$$libinit$$00000021)
    .ARM.Collect$$libinit$$00000023          0x08000170   Section        0  libinit2.o(.ARM.Collect$$libinit$$00000023)
    .ARM.Collect$$libinit$$00000025          0x08000170   Section        0  libinit2.o(.ARM.Collect$$libinit$$00000025)
    .ARM.Collect$$libinit$$0000002C          0x08000170   Section        0  libinit2.o(.ARM.Collect$$libinit$$0000002C)
    .ARM.Collect$$libinit$$0000002E          0x08000170   Section        0  libinit2.o(.ARM.Collect$$libinit$$0000002E)
    .ARM.Collect$$libinit$$00000030          0x08000170   Section        0  libinit2.o(.ARM.Collect$$libinit$$00000030)
    .ARM.Collect$$libinit$$00000032          0x08000170   Section        0  libinit2.o(.ARM.Collect$$libinit$$00000032)
    .ARM.Collect$$libinit$$00000033          0x08000170   Section        2  libinit2.o(.ARM.Collect$$libinit$$00000033)
    .ARM.Collect$$libshutdown$$00000000      0x08000172   Section        2  libshutdown.o(.ARM.Collect$$libshutdown$$00000000)
    .ARM.Collect$$libshutdown$$00000002      0x08000174   Section        0  libshutdown2.o(.ARM.Collect$$libshutdown$$00000002)
    .ARM.Collect$$libshutdown$$00000004      0x08000174   Section        0  libshutdown2.o(.ARM.Collect$$libshutdown$$00000004)
    .ARM.Collect$$libshutdown$$00000007      0x08000174   Section        0  libshutdown2.o(.ARM.Collect$$libshutdown$$00000007)
    .ARM.Collect$$libshutdown$$0000000A      0x08000174   Section        0  libshutdown2.o(.ARM.Collect$$libshutdown$$0000000A)
    .ARM.Collect$$libshutdown$$0000000C      0x08000174   Section        0  libshutdown2.o(.ARM.Collect$$libshutdown$$0000000C)
    .ARM.Collect$$libshutdown$$0000000F      0x08000174   Section        0  libshutdown2.o(.ARM.Collect$$libshutdown$$0000000F)
    .ARM.Collect$$libshutdown$$00000010      0x08000174   Section        2  libshutdown2.o(.ARM.Collect$$libshutdown$$00000010)
    .ARM.Collect$$rtentry$$00000000          0x08000176   Section        0  __rtentry.o(.ARM.Collect$$rtentry$$00000000)
    .ARM.Collect$$rtentry$$00000002          0x08000176   Section        0  __rtentry2.o(.ARM.Collect$$rtentry$$00000002)
    .ARM.Collect$$rtentry$$00000004          0x08000176   Section        6  __rtentry4.o(.ARM.Collect$$rtentry$$00000004)
    .ARM.Collect$$rtentry$$00000009          0x0800017c   Section        0  __rtentry2.o(.ARM.Collect$$rtentry$$00000009)
    .ARM.Collect$$rtentry$$0000000A          0x0800017c   Section        4  __rtentry2.o(.ARM.Collect$$rtentry$$0000000A)
    .ARM.Collect$$rtentry$$0000000C          0x08000180   Section        0  __rtentry2.o(.ARM.Collect$$rtentry$$0000000C)
    .ARM.Collect$$rtentry$$0000000D          0x08000180   Section        8  __rtentry2.o(.ARM.Collect$$rtentry$$0000000D)
    .ARM.Collect$$rtexit$$00000000           0x08000188   Section        2  rtexit.o(.ARM.Collect$$rtexit$$00000000)
    .ARM.Collect$$rtexit$$00000002           0x0800018a   Section        0  rtexit2.o(.ARM.Collect$$rtexit$$00000002)
    .ARM.Collect$$rtexit$$00000003           0x0800018a   Section        4  rtexit2.o(.ARM.Collect$$rtexit$$00000003)
    .ARM.Collect$$rtexit$$00000004           0x0800018e   Section        6  rtexit2.o(.ARM.Collect$$rtexit$$00000004)
    .emb_text                                0x08000194   Section       52  rand.o(.emb_text)
    .text                                    0x080001c8   Section       64  startup_stm32f103xb.o(.text)
    .text                                    0x08000208   Section        0  noretval__2sprintf.o(.text)
    .text                                    0x08000230   Section        0  __printf.o(.text)
    .text                                    0x08000298   Section        0  _printf_dec.o(.text)
    .text                                    0x08000310   Section        0  rand.o(.text)
    .text                                    0x0800034c   Section        0  strcpy.o(.text)
    .text                                    0x08000394   Section       78  rt_memclr_w.o(.text)
    .text                                    0x080003e2   Section        0  heapauxi.o(.text)
    .text                                    0x080003e8   Section        0  _printf_intcommon.o(.text)
    .text                                    0x0800049c   Section        0  _printf_char_common.o(.text)
    _printf_input_char                       0x0800049d   Thumb Code    10  _printf_char_common.o(.text)
    .text                                    0x080004cc   Section        0  _sputc.o(.text)
    .text                                    0x080004d6   Section       74  sys_stackheap_outer.o(.text)
    .text                                    0x08000520   Section        0  exit.o(.text)
    .text                                    0x08000534   Section        8  libspace.o(.text)
    .text                                    0x0800053c   Section        2  use_no_semi.o(.text)
    .text                                    0x0800053e   Section        0  indicate_semi.o(.text)
    .text                                    0x08000540   Section        0  sys_exit.o(.text)
    i.BusFault_Handler                       0x0800054c   Section        0  stm32f1xx_it.o(i.BusFault_Handler)
    i.CALENDER                               0x08000550   Section        0  main.o(i.CALENDER)
    i.CALL                                   0x0800059c   Section        0  main.o(i.CALL)
    i.DebugMon_Handler                       0x08000688   Section        0  stm32f1xx_it.o(i.DebugMon_Handler)
    i.EXTI0_IRQHandler                       0x0800068a   Section        0  stm32f1xx_it.o(i.EXTI0_IRQHandler)
    i.EXTI15_10_IRQHandler                   0x08000690   Section        0  stm32f1xx_it.o(i.EXTI15_10_IRQHandler)
    i.EXTI1_IRQHandler                       0x080006b6   Section        0  stm32f1xx_it.o(i.EXTI1_IRQHandler)
    i.Error_Handler                          0x080006bc   Section        0  main.o(i.Error_Handler)
    i.FRING                                  0x080006c0   Section        0  main.o(i.FRING)
    i.HAL_DMA_Abort                          0x080007cc   Section        0  stm32f1xx_hal_dma.o(i.HAL_DMA_Abort)
    i.HAL_DMA_Abort_IT                       0x08000814   Section        0  stm32f1xx_hal_dma.o(i.HAL_DMA_Abort_IT)
    i.HAL_Delay                              0x080008ac   Section        0  stm32f1xx_hal.o(i.HAL_Delay)
    i.HAL_GPIO_EXTI_Callback                 0x080008d0   Section        0  main.o(i.HAL_GPIO_EXTI_Callback)
    i.HAL_GPIO_EXTI_IRQHandler               0x08000a6c   Section        0  stm32f1xx_hal_gpio.o(i.HAL_GPIO_EXTI_IRQHandler)
    i.HAL_GPIO_Init                          0x08000a84   Section        0  stm32f1xx_hal_gpio.o(i.HAL_GPIO_Init)
    i.HAL_GPIO_ReadPin                       0x08000c64   Section        0  stm32f1xx_hal_gpio.o(i.HAL_GPIO_ReadPin)
    i.HAL_GPIO_TogglePin                     0x08000c6e   Section        0  stm32f1xx_hal_gpio.o(i.HAL_GPIO_TogglePin)
    i.HAL_GPIO_WritePin                      0x08000c7e   Section        0  stm32f1xx_hal_gpio.o(i.HAL_GPIO_WritePin)
    i.HAL_GetTick                            0x08000c88   Section        0  stm32f1xx_hal.o(i.HAL_GetTick)
    i.HAL_I2C_Init                           0x08000c94   Section        0  stm32f1xx_hal_i2c.o(i.HAL_I2C_Init)
    i.HAL_I2C_Mem_Write                      0x08000e1c   Section        0  stm32f1xx_hal_i2c.o(i.HAL_I2C_Mem_Write)
    i.HAL_I2C_MspInit                        0x08000f4c   Section        0  i2c.o(i.HAL_I2C_MspInit)
    i.HAL_IncTick                            0x08000fbc   Section        0  stm32f1xx_hal.o(i.HAL_IncTick)
    i.HAL_Init                               0x08000fcc   Section        0  stm32f1xx_hal.o(i.HAL_Init)
    i.HAL_InitTick                           0x08000ff0   Section        0  stm32f1xx_hal.o(i.HAL_InitTick)
    i.HAL_MspInit                            0x08001030   Section        0  stm32f1xx_hal_msp.o(i.HAL_MspInit)
    i.HAL_NVIC_EnableIRQ                     0x0800106c   Section        0  stm32f1xx_hal_cortex.o(i.HAL_NVIC_EnableIRQ)
    i.HAL_NVIC_SetPriority                   0x08001088   Section        0  stm32f1xx_hal_cortex.o(i.HAL_NVIC_SetPriority)
    i.HAL_NVIC_SetPriorityGrouping           0x080010c8   Section        0  stm32f1xx_hal_cortex.o(i.HAL_NVIC_SetPriorityGrouping)
    i.HAL_RCC_ClockConfig                    0x080010ec   Section        0  stm32f1xx_hal_rcc.o(i.HAL_RCC_ClockConfig)
    i.HAL_RCC_GetPCLK1Freq                   0x08001218   Section        0  stm32f1xx_hal_rcc.o(i.HAL_RCC_GetPCLK1Freq)
    i.HAL_RCC_GetPCLK2Freq                   0x08001238   Section        0  stm32f1xx_hal_rcc.o(i.HAL_RCC_GetPCLK2Freq)
    i.HAL_RCC_GetSysClockFreq                0x08001258   Section        0  stm32f1xx_hal_rcc.o(i.HAL_RCC_GetSysClockFreq)
    i.HAL_RCC_OscConfig                      0x080012c4   Section        0  stm32f1xx_hal_rcc.o(i.HAL_RCC_OscConfig)
    i.HAL_SYSTICK_Config                     0x080015e4   Section        0  stm32f1xx_hal_cortex.o(i.HAL_SYSTICK_Config)
    i.HAL_TIMEx_BreakCallback                0x0800160c   Section        0  stm32f1xx_hal_tim_ex.o(i.HAL_TIMEx_BreakCallback)
    i.HAL_TIMEx_CommutCallback               0x0800160e   Section        0  stm32f1xx_hal_tim_ex.o(i.HAL_TIMEx_CommutCallback)
    i.HAL_TIMEx_MasterConfigSynchronization  0x08001610   Section        0  stm32f1xx_hal_tim_ex.o(i.HAL_TIMEx_MasterConfigSynchronization)
    i.HAL_TIM_Base_Init                      0x08001678   Section        0  stm32f1xx_hal_tim.o(i.HAL_TIM_Base_Init)
    i.HAL_TIM_Base_MspInit                   0x080016d4   Section        0  tim.o(i.HAL_TIM_Base_MspInit)
    i.HAL_TIM_Base_Start_IT                  0x0800175c   Section        0  stm32f1xx_hal_tim.o(i.HAL_TIM_Base_Start_IT)
    i.HAL_TIM_ConfigClockSource              0x080017b4   Section        0  stm32f1xx_hal_tim.o(i.HAL_TIM_ConfigClockSource)
    i.HAL_TIM_IC_CaptureCallback             0x0800188a   Section        0  stm32f1xx_hal_tim.o(i.HAL_TIM_IC_CaptureCallback)
    i.HAL_TIM_IRQHandler                     0x0800188c   Section        0  stm32f1xx_hal_tim.o(i.HAL_TIM_IRQHandler)
    i.HAL_TIM_OC_DelayElapsedCallback        0x080019f2   Section        0  stm32f1xx_hal_tim.o(i.HAL_TIM_OC_DelayElapsedCallback)
    i.HAL_TIM_PWM_PulseFinishedCallback      0x080019f4   Section        0  stm32f1xx_hal_tim.o(i.HAL_TIM_PWM_PulseFinishedCallback)
    i.HAL_TIM_PeriodElapsedCallback          0x080019f8   Section        0  main.o(i.HAL_TIM_PeriodElapsedCallback)
    i.HAL_TIM_TriggerCallback                0x08001acc   Section        0  stm32f1xx_hal_tim.o(i.HAL_TIM_TriggerCallback)
    i.HAL_UARTEx_RxEventCallback             0x08001ace   Section        0  stm32f1xx_hal_uart.o(i.HAL_UARTEx_RxEventCallback)
    i.HAL_UART_ErrorCallback                 0x08001ad0   Section        0  stm32f1xx_hal_uart.o(i.HAL_UART_ErrorCallback)
    i.HAL_UART_IRQHandler                    0x08001ad4   Section        0  stm32f1xx_hal_uart.o(i.HAL_UART_IRQHandler)
    i.HAL_UART_Init                          0x08001ce0   Section        0  stm32f1xx_hal_uart.o(i.HAL_UART_Init)
    i.HAL_UART_MspInit                       0x08001d44   Section        0  usart.o(i.HAL_UART_MspInit)
    i.HAL_UART_Receive_IT                    0x08001e50   Section        0  stm32f1xx_hal_uart.o(i.HAL_UART_Receive_IT)
    i.HAL_UART_RxCpltCallback                0x08001e7c   Section        0  main.o(i.HAL_UART_RxCpltCallback)
    i.HAL_UART_Transmit                      0x08001e94   Section        0  stm32f1xx_hal_uart.o(i.HAL_UART_Transmit)
    i.HAL_UART_TxCpltCallback                0x08001f46   Section        0  stm32f1xx_hal_uart.o(i.HAL_UART_TxCpltCallback)
    i.HardFault_Handler                      0x08001f48   Section        0  stm32f1xx_it.o(i.HardFault_Handler)
    i.I2C_IsAcknowledgeFailed                0x08001f4a   Section        0  stm32f1xx_hal_i2c.o(i.I2C_IsAcknowledgeFailed)
    I2C_IsAcknowledgeFailed                  0x08001f4b   Thumb Code    46  stm32f1xx_hal_i2c.o(i.I2C_IsAcknowledgeFailed)
    i.I2C_RequestMemoryWrite                 0x08001f78   Section        0  stm32f1xx_hal_i2c.o(i.I2C_RequestMemoryWrite)
    I2C_RequestMemoryWrite                   0x08001f79   Thumb Code   162  stm32f1xx_hal_i2c.o(i.I2C_RequestMemoryWrite)
    i.I2C_WaitOnBTFFlagUntilTimeout          0x08002020   Section        0  stm32f1xx_hal_i2c.o(i.I2C_WaitOnBTFFlagUntilTimeout)
    I2C_WaitOnBTFFlagUntilTimeout            0x08002021   Thumb Code    76  stm32f1xx_hal_i2c.o(i.I2C_WaitOnBTFFlagUntilTimeout)
    i.I2C_WaitOnFlagUntilTimeout             0x0800206c   Section        0  stm32f1xx_hal_i2c.o(i.I2C_WaitOnFlagUntilTimeout)
    I2C_WaitOnFlagUntilTimeout               0x0800206d   Thumb Code   104  stm32f1xx_hal_i2c.o(i.I2C_WaitOnFlagUntilTimeout)
    i.I2C_WaitOnMasterAddressFlagUntilTimeout 0x080020d4   Section        0  stm32f1xx_hal_i2c.o(i.I2C_WaitOnMasterAddressFlagUntilTimeout)
    I2C_WaitOnMasterAddressFlagUntilTimeout  0x080020d5   Thumb Code   150  stm32f1xx_hal_i2c.o(i.I2C_WaitOnMasterAddressFlagUntilTimeout)
    i.I2C_WaitOnTXEFlagUntilTimeout          0x0800216a   Section        0  stm32f1xx_hal_i2c.o(i.I2C_WaitOnTXEFlagUntilTimeout)
    I2C_WaitOnTXEFlagUntilTimeout            0x0800216b   Thumb Code    76  stm32f1xx_hal_i2c.o(i.I2C_WaitOnTXEFlagUntilTimeout)
    i.IRING                                  0x080021b8   Section        0  main.o(i.IRING)
    i.MENU                                   0x0800223c   Section        0  main.o(i.MENU)
    i.MENU1                                  0x080022d4   Section        0  main.o(i.MENU1)
    i.MENU2                                  0x08002370   Section        0  main.o(i.MENU2)
    i.MENU3                                  0x08002410   Section        0  main.o(i.MENU3)
    i.MX_GPIO_Init                           0x080024ac   Section        0  gpio.o(i.MX_GPIO_Init)
    i.MX_I2C1_Init                           0x080025bc   Section        0  i2c.o(i.MX_I2C1_Init)
    i.MX_TIM1_Init                           0x080025fc   Section        0  tim.o(i.MX_TIM1_Init)
    i.MX_TIM2_Init                           0x08002664   Section        0  tim.o(i.MX_TIM2_Init)
    i.MX_TIM3_Init                           0x080026c8   Section        0  tim.o(i.MX_TIM3_Init)
    i.MX_USART1_UART_Init                    0x08002730   Section        0  usart.o(i.MX_USART1_UART_Init)
    i.MX_USART2_UART_Init                    0x08002768   Section        0  usart.o(i.MX_USART2_UART_Init)
    i.MX_USART3_UART_Init                    0x080027a0   Section        0  usart.o(i.MX_USART3_UART_Init)
    i.MemManage_Handler                      0x080027d8   Section        0  stm32f1xx_it.o(i.MemManage_Handler)
    i.NMI_Handler                            0x080027da   Section        0  stm32f1xx_it.o(i.NMI_Handler)
    i.OffKeyPad                              0x080027dc   Section        0  keypad_satr.o(i.OffKeyPad)
    i.PREVIEW                                0x08002810   Section        0  main.o(i.PREVIEW)
    i.PendSV_Handler                         0x0800287c   Section        0  stm32f1xx_it.o(i.PendSV_Handler)
    i.SNAKE                                  0x08002880   Section        0  main.o(i.SNAKE)
    i.SVC_Handler                            0x080028a0   Section        0  stm32f1xx_it.o(i.SVC_Handler)
    i.SysTick_Handler                        0x080028a2   Section        0  stm32f1xx_it.o(i.SysTick_Handler)
    i.SystemClock_Config                     0x080028a6   Section        0  main.o(i.SystemClock_Config)
    i.SystemInit                             0x080028f6   Section        0  system_stm32f1xx.o(i.SystemInit)
    i.TIM1_UP_IRQHandler                     0x080028f8   Section        0  stm32f1xx_it.o(i.TIM1_UP_IRQHandler)
    i.TIM2_IRQHandler                        0x08002904   Section        0  stm32f1xx_it.o(i.TIM2_IRQHandler)
    i.TIM3_IRQHandler                        0x08002910   Section        0  stm32f1xx_it.o(i.TIM3_IRQHandler)
    i.TIME                                   0x0800291c   Section        0  main.o(i.TIME)
    i.TIM_Base_SetConfig                     0x08002c44   Section        0  stm32f1xx_hal_tim.o(i.TIM_Base_SetConfig)
    i.TIM_ETR_SetConfig                      0x08002cb0   Section        0  stm32f1xx_hal_tim.o(i.TIM_ETR_SetConfig)
    i.TIM_ITRx_SetConfig                     0x08002cc4   Section        0  stm32f1xx_hal_tim.o(i.TIM_ITRx_SetConfig)
    TIM_ITRx_SetConfig                       0x08002cc5   Thumb Code    16  stm32f1xx_hal_tim.o(i.TIM_ITRx_SetConfig)
    i.TIM_TI1_ConfigInputStage               0x08002cd4   Section        0  stm32f1xx_hal_tim.o(i.TIM_TI1_ConfigInputStage)
    TIM_TI1_ConfigInputStage                 0x08002cd5   Thumb Code    34  stm32f1xx_hal_tim.o(i.TIM_TI1_ConfigInputStage)
    i.TIM_TI2_ConfigInputStage               0x08002cf6   Section        0  stm32f1xx_hal_tim.o(i.TIM_TI2_ConfigInputStage)
    TIM_TI2_ConfigInputStage                 0x08002cf7   Thumb Code    36  stm32f1xx_hal_tim.o(i.TIM_TI2_ConfigInputStage)
    i.UART_DMAAbortOnError                   0x08002d1a   Section        0  stm32f1xx_hal_uart.o(i.UART_DMAAbortOnError)
    UART_DMAAbortOnError                     0x08002d1b   Thumb Code    16  stm32f1xx_hal_uart.o(i.UART_DMAAbortOnError)
    i.UART_EndRxTransfer                     0x08002d2a   Section        0  stm32f1xx_hal_uart.o(i.UART_EndRxTransfer)
    UART_EndRxTransfer                       0x08002d2b   Thumb Code    48  stm32f1xx_hal_uart.o(i.UART_EndRxTransfer)
    i.UART_Receive_IT                        0x08002d5a   Section        0  stm32f1xx_hal_uart.o(i.UART_Receive_IT)
    UART_Receive_IT                          0x08002d5b   Thumb Code   182  stm32f1xx_hal_uart.o(i.UART_Receive_IT)
    i.UART_SetConfig                         0x08002e10   Section        0  stm32f1xx_hal_uart.o(i.UART_SetConfig)
    UART_SetConfig                           0x08002e11   Thumb Code   178  stm32f1xx_hal_uart.o(i.UART_SetConfig)
    i.UART_Start_Receive_IT                  0x08002ec8   Section        0  stm32f1xx_hal_uart.o(i.UART_Start_Receive_IT)
    i.UART_WaitOnFlagUntilTimeout            0x08002efe   Section        0  stm32f1xx_hal_uart.o(i.UART_WaitOnFlagUntilTimeout)
    UART_WaitOnFlagUntilTimeout              0x08002eff   Thumb Code   100  stm32f1xx_hal_uart.o(i.UART_WaitOnFlagUntilTimeout)
    i.USART1_IRQHandler                      0x08002f64   Section        0  stm32f1xx_it.o(i.USART1_IRQHandler)
    i.UsageFault_Handler                     0x08002f70   Section        0  stm32f1xx_it.o(i.UsageFault_Handler)
    i.__NVIC_SetPriority                     0x08002f72   Section        0  stm32f1xx_hal_cortex.o(i.__NVIC_SetPriority)
    __NVIC_SetPriority                       0x08002f73   Thumb Code    32  stm32f1xx_hal_cortex.o(i.__NVIC_SetPriority)
    i.clk_TIM                                0x08002f94   Section        0  clk.o(i.clk_TIM)
    i.clk_edit                               0x08003128   Section        0  clk.o(i.clk_edit)
    i.clk_menu                               0x080032bc   Section        0  clk.o(i.clk_menu)
    i.clk_preveiw                            0x08003380   Section        0  clk.o(i.clk_preveiw)
    i.gameover                               0x08003444   Section        0  main.o(i.gameover)
    i.header                                 0x08003570   Section        0  main.o(i.header)
    i.keypad_refresh                         0x0800375c   Section        0  keypad_satr.o(i.keypad_refresh)
    i.khoshamad                              0x080037c0   Section        0  main.o(i.khoshamad)
    i.main                                   0x08003850   Section        0  main.o(i.main)
    i.namayesh                               0x0800394c   Section        0  calender.o(i.namayesh)
    i.painter__                              0x08003a1c   Section        0  painter.o(i.painter__)
    i.pishzamine                             0x08003a3c   Section        0  timer.o(i.pishzamine)
    i.ssd1306_DrawPixel                      0x08003a80   Section        0  ssd1306.o(i.ssd1306_DrawPixel)
    i.ssd1306_Fill                           0x08003ac0   Section        0  ssd1306.o(i.ssd1306_Fill)
    i.ssd1306_Init                           0x08003ae0   Section        0  ssd1306.o(i.ssd1306_Init)
    i.ssd1306_SetCursor                      0x08003bac   Section        0  ssd1306.o(i.ssd1306_SetCursor)
    i.ssd1306_UpdateScreen                   0x08003bb8   Section        0  ssd1306.o(i.ssd1306_UpdateScreen)
    i.ssd1306_WriteChar                      0x08003bf0   Section        0  ssd1306.o(i.ssd1306_WriteChar)
    i.ssd1306_WriteCommand                   0x08003c8c   Section        0  ssd1306.o(i.ssd1306_WriteCommand)
    i.ssd1306_WriteData                      0x08003cb0   Section        0  ssd1306.o(i.ssd1306_WriteData)
    i.ssd1306_WriteString                    0x08003cd0   Section        0  ssd1306.o(i.ssd1306_WriteString)
    i.yabesh                                 0x08003cfc   Section        0  call.o(i.yabesh)
    .constdata                               0x08003d58   Section     3420  ssd1306_fonts.o(.constdata)
    Font11x18                                0x08003d58   Data        3420  ssd1306_fonts.o(.constdata)
    .constdata                               0x08004ab4   Section     1520  ssd1306_fonts.o(.constdata)
    Font6x8                                  0x08004ab4   Data        1520  ssd1306_fonts.o(.constdata)
    .constdata                               0x080050a4   Section       16  system_stm32f1xx.o(.constdata)
    .constdata                               0x080050b4   Section        8  system_stm32f1xx.o(.constdata)
    .data                                    0x20000000   Section        6  ssd1306.o(.data)
    SSD1306                                  0x20000000   Data           6  ssd1306.o(.data)
    .data                                    0x20000008   Section        8  ssd1306_fonts.o(.data)
    .data                                    0x20000010   Section        8  ssd1306_fonts.o(.data)
    .data                                    0x20000018   Section      132  main.o(.data)
    .data                                    0x2000009c   Section       12  stm32f1xx_hal.o(.data)
    .data                                    0x200000a8   Section        4  system_stm32f1xx.o(.data)
    .bss                                     0x200000ac   Section     1024  ssd1306.o(.bss)
    SSD1306_Buffer                           0x200000ac   Data        1024  ssd1306.o(.bss)
    .bss                                     0x200004ac   Section       10  call.o(.bss)
    .bss                                     0x200004b8   Section      960  main.o(.bss)
    .bss                                     0x20000878   Section       84  i2c.o(.bss)
    .bss                                     0x200008cc   Section      216  tim.o(.bss)
    .bss                                     0x200009a4   Section      204  usart.o(.bss)
    .bss                                     0x20000a70   Section      228  rand.o(.bss)
    .bss                                     0x20000b54   Section       96  libspace.o(.bss)
    HEAP                                     0x20000bb8   Section      512  startup_stm32f103xb.o(HEAP)
    Heap_Mem                                 0x20000bb8   Data         512  startup_stm32f103xb.o(HEAP)
    STACK                                    0x20000db8   Section     1024  startup_stm32f103xb.o(STACK)
    Stack_Mem                                0x20000db8   Data        1024  startup_stm32f103xb.o(STACK)
    __initial_sp                             0x200011b8   Data           0  startup_stm32f103xb.o(STACK)

    Global Symbols

    Symbol Name                              Value     Ov Type        Size  Object(Section)

    BuildAttributes$$THM_ISAv4$P$D$K$B$S$PE$A:L22UL41UL21$X:L11$S22US41US21$IEEE1$IW$USESV6$~STKCKD$USESV7$~SHL$OSPACE$ROPI$EBA8$UX$STANDARDLIB$REQ8$PRES8$EABIv2 0x00000000   Number         0  anon$$obj.o ABSOLUTE
    __ARM_use_no_argv                        0x00000000   Number         0  main.o ABSOLUTE
    __ARM_exceptions_init                     - Undefined Weak Reference
    __alloca_initialize                       - Undefined Weak Reference
    __arm_preinit_                            - Undefined Weak Reference
    __cpp_initialize__aeabi_                  - Undefined Weak Reference
    __cxa_finalize                            - Undefined Weak Reference
    __rt_locale                               - Undefined Weak Reference
    __sigvec_lookup                           - Undefined Weak Reference
    _atexit_init                              - Undefined Weak Reference
    _call_atexit_fns                          - Undefined Weak Reference
    _clock_init                               - Undefined Weak Reference
    _fp_trap_init                             - Undefined Weak Reference
    _fp_trap_shutdown                         - Undefined Weak Reference
    _get_lc_collate                           - Undefined Weak Reference
    _get_lc_ctype                             - Undefined Weak Reference
    _get_lc_monetary                          - Undefined Weak Reference
    _get_lc_numeric                           - Undefined Weak Reference
    _get_lc_time                              - Undefined Weak Reference
    _getenv_init                              - Undefined Weak Reference
    _handle_redirection                       - Undefined Weak Reference
    _init_alloc                               - Undefined Weak Reference
    _init_user_alloc                          - Undefined Weak Reference
    _initio                                   - Undefined Weak Reference
    _printf_post_padding                      - Undefined Weak Reference
    _printf_pre_padding                       - Undefined Weak Reference
    _printf_truncate_signed                   - Undefined Weak Reference
    _printf_truncate_unsigned                 - Undefined Weak Reference
    _signal_finish                            - Undefined Weak Reference
    _signal_init                              - Undefined Weak Reference
    _terminate_alloc                          - Undefined Weak Reference
    _terminate_user_alloc                     - Undefined Weak Reference
    _terminateio                              - Undefined Weak Reference
    __Vectors_Size                           0x000000ec   Number         0  startup_stm32f103xb.o ABSOLUTE
    __Vectors                                0x08000000   Data           4  startup_stm32f103xb.o(RESET)
    __Vectors_End                            0x080000ec   Data           0  startup_stm32f103xb.o(RESET)
    __main                                   0x080000ed   Thumb Code     8  __main.o(!!!main)
    __scatterload                            0x080000f5   Thumb Code     0  __scatter.o(!!!scatter)
    __scatterload_rt2                        0x080000f5   Thumb Code    44  __scatter.o(!!!scatter)
    __scatterload_rt2_thumb_only             0x080000f5   Thumb Code     0  __scatter.o(!!!scatter)
    __scatterload_null                       0x08000103   Thumb Code     0  __scatter.o(!!!scatter)
    __scatterload_copy                       0x08000129   Thumb Code    26  __scatter_copy.o(!!handler_copy)
    __scatterload_zeroinit                   0x08000145   Thumb Code    28  __scatter_zi.o(!!handler_zi)
    _printf_d                                0x08000161   Thumb Code     0  _printf_d.o(.ARM.Collect$$_printf_percent$$00000009)
    _printf_percent                          0x08000161   Thumb Code     0  _printf_percent.o(.ARM.Collect$$_printf_percent$$00000000)
    _printf_percent_end                      0x08000167   Thumb Code     0  _printf_percent_end.o(.ARM.Collect$$_printf_percent$$00000017)
    __rt_lib_init                            0x0800016b   Thumb Code     0  libinit.o(.ARM.Collect$$libinit$$00000000)
    __rt_lib_init_fp_1                       0x0800016d   Thumb Code     0  libinit2.o(.ARM.Collect$$libinit$$00000002)
    __rt_lib_init_heap_1                     0x0800016d   Thumb Code     0  libinit2.o(.ARM.Collect$$libinit$$0000000A)
    __rt_lib_init_preinit_1                  0x0800016d   Thumb Code     0  libinit2.o(.ARM.Collect$$libinit$$00000004)
    __rt_lib_init_rand_2                     0x0800016d   Thumb Code     0  libinit2.o(.ARM.Collect$$libinit$$0000000D)
    __rt_lib_init_user_alloc_1               0x0800016d   Thumb Code     0  libinit2.o(.ARM.Collect$$libinit$$0000000C)
    __rt_lib_init_alloca_1                   0x08000171   Thumb Code     0  libinit2.o(.ARM.Collect$$libinit$$0000002E)
    __rt_lib_init_argv_1                     0x08000171   Thumb Code     0  libinit2.o(.ARM.Collect$$libinit$$0000002C)
    __rt_lib_init_atexit_1                   0x08000171   Thumb Code     0  libinit2.o(.ARM.Collect$$libinit$$0000001B)
    __rt_lib_init_clock_1                    0x08000171   Thumb Code     0  libinit2.o(.ARM.Collect$$libinit$$00000021)
    __rt_lib_init_cpp_1                      0x08000171   Thumb Code     0  libinit2.o(.ARM.Collect$$libinit$$00000032)
    __rt_lib_init_exceptions_1               0x08000171   Thumb Code     0  libinit2.o(.ARM.Collect$$libinit$$00000030)
    __rt_lib_init_fp_trap_1                  0x08000171   Thumb Code     0  libinit2.o(.ARM.Collect$$libinit$$0000001F)
    __rt_lib_init_getenv_1                   0x08000171   Thumb Code     0  libinit2.o(.ARM.Collect$$libinit$$00000023)
    __rt_lib_init_lc_collate_1               0x08000171   Thumb Code     0  libinit2.o(.ARM.Collect$$libinit$$00000011)
    __rt_lib_init_lc_ctype_1                 0x08000171   Thumb Code     0  libinit2.o(.ARM.Collect$$libinit$$00000013)
    __rt_lib_init_lc_monetary_1              0x08000171   Thumb Code     0  libinit2.o(.ARM.Collect$$libinit$$00000015)
    __rt_lib_init_lc_numeric_1               0x08000171   Thumb Code     0  libinit2.o(.ARM.Collect$$libinit$$00000017)
    __rt_lib_init_lc_time_1                  0x08000171   Thumb Code     0  libinit2.o(.ARM.Collect$$libinit$$00000019)
    __rt_lib_init_rand_1                     0x08000171   Thumb Code     0  libinit2.o(.ARM.Collect$$libinit$$0000000E)
    __rt_lib_init_return                     0x08000171   Thumb Code     0  libinit2.o(.ARM.Collect$$libinit$$00000033)
    __rt_lib_init_signal_1                   0x08000171   Thumb Code     0  libinit2.o(.ARM.Collect$$libinit$$0000001D)
    __rt_lib_init_stdio_1                    0x08000171   Thumb Code     0  libinit2.o(.ARM.Collect$$libinit$$00000025)
    __rt_lib_shutdown                        0x08000173   Thumb Code     0  libshutdown.o(.ARM.Collect$$libshutdown$$00000000)
    __rt_lib_shutdown_cpp_1                  0x08000175   Thumb Code     0  libshutdown2.o(.ARM.Collect$$libshutdown$$00000002)
    __rt_lib_shutdown_fp_trap_1              0x08000175   Thumb Code     0  libshutdown2.o(.ARM.Collect$$libshutdown$$00000007)
    __rt_lib_shutdown_heap_1                 0x08000175   Thumb Code     0  libshutdown2.o(.ARM.Collect$$libshutdown$$0000000F)
    __rt_lib_shutdown_return                 0x08000175   Thumb Code     0  libshutdown2.o(.ARM.Collect$$libshutdown$$00000010)
    __rt_lib_shutdown_signal_1               0x08000175   Thumb Code     0  libshutdown2.o(.ARM.Collect$$libshutdown$$0000000A)
    __rt_lib_shutdown_stdio_1                0x08000175   Thumb Code     0  libshutdown2.o(.ARM.Collect$$libshutdown$$00000004)
    __rt_lib_shutdown_user_alloc_1           0x08000175   Thumb Code     0  libshutdown2.o(.ARM.Collect$$libshutdown$$0000000C)
    __rt_entry                               0x08000177   Thumb Code     0  __rtentry.o(.ARM.Collect$$rtentry$$00000000)
    __rt_entry_presh_1                       0x08000177   Thumb Code     0  __rtentry2.o(.ARM.Collect$$rtentry$$00000002)
    __rt_entry_sh                            0x08000177   Thumb Code     0  __rtentry4.o(.ARM.Collect$$rtentry$$00000004)
    __rt_entry_li                            0x0800017d   Thumb Code     0  __rtentry2.o(.ARM.Collect$$rtentry$$0000000A)
    __rt_entry_postsh_1                      0x0800017d   Thumb Code     0  __rtentry2.o(.ARM.Collect$$rtentry$$00000009)
    __rt_entry_main                          0x08000181   Thumb Code     0  __rtentry2.o(.ARM.Collect$$rtentry$$0000000D)
    __rt_entry_postli_1                      0x08000181   Thumb Code     0  __rtentry2.o(.ARM.Collect$$rtentry$$0000000C)
    __rt_exit                                0x08000189   Thumb Code     0  rtexit.o(.ARM.Collect$$rtexit$$00000000)
    __rt_exit_ls                             0x0800018b   Thumb Code     0  rtexit2.o(.ARM.Collect$$rtexit$$00000003)
    __rt_exit_prels_1                        0x0800018b   Thumb Code     0  rtexit2.o(.ARM.Collect$$rtexit$$00000002)
    __rt_exit_exit                           0x0800018f   Thumb Code     0  rtexit2.o(.ARM.Collect$$rtexit$$00000004)
    rand                                     0x08000195   Thumb Code    48  rand.o(.emb_text)
    Reset_Handler                            0x080001c9   Thumb Code     8  startup_stm32f103xb.o(.text)
    ADC1_2_IRQHandler                        0x080001e3   Thumb Code     0  startup_stm32f103xb.o(.text)
    CAN1_RX1_IRQHandler                      0x080001e3   Thumb Code     0  startup_stm32f103xb.o(.text)
    CAN1_SCE_IRQHandler                      0x080001e3   Thumb Code     0  startup_stm32f103xb.o(.text)
    DMA1_Channel1_IRQHandler                 0x080001e3   Thumb Code     0  startup_stm32f103xb.o(.text)
    DMA1_Channel2_IRQHandler                 0x080001e3   Thumb Code     0  startup_stm32f103xb.o(.text)
    DMA1_Channel3_IRQHandler                 0x080001e3   Thumb Code     0  startup_stm32f103xb.o(.text)
    DMA1_Channel4_IRQHandler                 0x080001e3   Thumb Code     0  startup_stm32f103xb.o(.text)
    DMA1_Channel5_IRQHandler                 0x080001e3   Thumb Code     0  startup_stm32f103xb.o(.text)
    DMA1_Channel6_IRQHandler                 0x080001e3   Thumb Code     0  startup_stm32f103xb.o(.text)
    DMA1_Channel7_IRQHandler                 0x080001e3   Thumb Code     0  startup_stm32f103xb.o(.text)
    EXTI2_IRQHandler                         0x080001e3   Thumb Code     0  startup_stm32f103xb.o(.text)
    EXTI3_IRQHandler                         0x080001e3   Thumb Code     0  startup_stm32f103xb.o(.text)
    EXTI4_IRQHandler                         0x080001e3   Thumb Code     0  startup_stm32f103xb.o(.text)
    EXTI9_5_IRQHandler                       0x080001e3   Thumb Code     0  startup_stm32f103xb.o(.text)
    FLASH_IRQHandler                         0x080001e3   Thumb Code     0  startup_stm32f103xb.o(.text)
    I2C1_ER_IRQHandler                       0x080001e3   Thumb Code     0  startup_stm32f103xb.o(.text)
    I2C1_EV_IRQHandler                       0x080001e3   Thumb Code     0  startup_stm32f103xb.o(.text)
    I2C2_ER_IRQHandler                       0x080001e3   Thumb Code     0  startup_stm32f103xb.o(.text)
    I2C2_EV_IRQHandler                       0x080001e3   Thumb Code     0  startup_stm32f103xb.o(.text)
    PVD_IRQHandler                           0x080001e3   Thumb Code     0  startup_stm32f103xb.o(.text)
    RCC_IRQHandler                           0x080001e3   Thumb Code     0  startup_stm32f103xb.o(.text)
    RTC_Alarm_IRQHandler                     0x080001e3   Thumb Code     0  startup_stm32f103xb.o(.text)
    RTC_IRQHandler                           0x080001e3   Thumb Code     0  startup_stm32f103xb.o(.text)
    SPI1_IRQHandler                          0x080001e3   Thumb Code     0  startup_stm32f103xb.o(.text)
    SPI2_IRQHandler                          0x080001e3   Thumb Code     0  startup_stm32f103xb.o(.text)
    TAMPER_IRQHandler                        0x080001e3   Thumb Code     0  startup_stm32f103xb.o(.text)
    TIM1_BRK_IRQHandler                      0x080001e3   Thumb Code     0  startup_stm32f103xb.o(.text)
    TIM1_CC_IRQHandler                       0x080001e3   Thumb Code     0  startup_stm32f103xb.o(.text)
    TIM1_TRG_COM_IRQHandler                  0x080001e3   Thumb Code     0  startup_stm32f103xb.o(.text)
    TIM4_IRQHandler                          0x080001e3   Thumb Code     0  startup_stm32f103xb.o(.text)
    USART2_IRQHandler                        0x080001e3   Thumb Code     0  startup_stm32f103xb.o(.text)
    USART3_IRQHandler                        0x080001e3   Thumb Code     0  startup_stm32f103xb.o(.text)
    USBWakeUp_IRQHandler                     0x080001e3   Thumb Code     0  startup_stm32f103xb.o(.text)
    USB_HP_CAN1_TX_IRQHandler                0x080001e3   Thumb Code     0  startup_stm32f103xb.o(.text)
    USB_LP_CAN1_RX0_IRQHandler               0x080001e3   Thumb Code     0  startup_stm32f103xb.o(.text)
    WWDG_IRQHandler                          0x080001e3   Thumb Code     0  startup_stm32f103xb.o(.text)
    __user_initial_stackheap                 0x080001e5   Thumb Code     0  startup_stm32f103xb.o(.text)
    __2sprintf                               0x08000209   Thumb Code    34  noretval__2sprintf.o(.text)
    __printf                                 0x08000231   Thumb Code   104  __printf.o(.text)
    _printf_int_dec                          0x08000299   Thumb Code   104  _printf_dec.o(.text)
    srand                                    0x08000311   Thumb Code    42  rand.o(.text)
    _rand_init                               0x0800033b   Thumb Code     4  rand.o(.text)
    strcpy                                   0x0800034d   Thumb Code    72  strcpy.o(.text)
    __aeabi_memclr4                          0x08000395   Thumb Code     0  rt_memclr_w.o(.text)
    __aeabi_memclr8                          0x08000395   Thumb Code     0  rt_memclr_w.o(.text)
    __rt_memclr_w                            0x08000395   Thumb Code    78  rt_memclr_w.o(.text)
    _memset_w                                0x08000399   Thumb Code     0  rt_memclr_w.o(.text)
    __use_two_region_memory                  0x080003e3   Thumb Code     2  heapauxi.o(.text)
    __rt_heap_escrow$2region                 0x080003e5   Thumb Code     2  heapauxi.o(.text)
    __rt_heap_expand$2region                 0x080003e7   Thumb Code     2  heapauxi.o(.text)
    _printf_int_common                       0x080003e9   Thumb Code   178  _printf_intcommon.o(.text)
    _printf_char_common                      0x080004a7   Thumb Code    32  _printf_char_common.o(.text)
    _sputc                                   0x080004cd   Thumb Code    10  _sputc.o(.text)
    __user_setup_stackheap                   0x080004d7   Thumb Code    74  sys_stackheap_outer.o(.text)
    exit                                     0x08000521   Thumb Code    18  exit.o(.text)
    __user_libspace                          0x08000535   Thumb Code     8  libspace.o(.text)
    __user_perproc_libspace                  0x08000535   Thumb Code     0  libspace.o(.text)
    __user_perthread_libspace                0x08000535   Thumb Code     0  libspace.o(.text)
    __I$use$semihosting                      0x0800053d   Thumb Code     0  use_no_semi.o(.text)
    __use_no_semihosting_swi                 0x0800053d   Thumb Code     2  use_no_semi.o(.text)
    __semihosting_library_function           0x0800053f   Thumb Code     0  indicate_semi.o(.text)
    _sys_exit                                0x08000541   Thumb Code     8  sys_exit.o(.text)
    BusFault_Handler                         0x0800054d   Thumb Code     2  stm32f1xx_it.o(i.BusFault_Handler)
    CALENDER                                 0x08000551   Thumb Code    72  main.o(i.CALENDER)
    CALL                                     0x0800059d   Thumb Code   196  main.o(i.CALL)
    DebugMon_Handler                         0x08000689   Thumb Code     2  stm32f1xx_it.o(i.DebugMon_Handler)
    EXTI0_IRQHandler                         0x0800068b   Thumb Code     6  stm32f1xx_it.o(i.EXTI0_IRQHandler)
    EXTI15_10_IRQHandler                     0x08000691   Thumb Code    38  stm32f1xx_it.o(i.EXTI15_10_IRQHandler)
    EXTI1_IRQHandler                         0x080006b7   Thumb Code     6  stm32f1xx_it.o(i.EXTI1_IRQHandler)
    Error_Handler                            0x080006bd   Thumb Code     4  main.o(i.Error_Handler)
    FRING                                    0x080006c1   Thumb Code   224  main.o(i.FRING)
    HAL_DMA_Abort                            0x080007cd   Thumb Code    70  stm32f1xx_hal_dma.o(i.HAL_DMA_Abort)
    HAL_DMA_Abort_IT                         0x08000815   Thumb Code   148  stm32f1xx_hal_dma.o(i.HAL_DMA_Abort_IT)
    HAL_Delay                                0x080008ad   Thumb Code    32  stm32f1xx_hal.o(i.HAL_Delay)
    HAL_GPIO_EXTI_Callback                   0x080008d1   Thumb Code   400  main.o(i.HAL_GPIO_EXTI_Callback)
    HAL_GPIO_EXTI_IRQHandler                 0x08000a6d   Thumb Code    18  stm32f1xx_hal_gpio.o(i.HAL_GPIO_EXTI_IRQHandler)
    HAL_GPIO_Init                            0x08000a85   Thumb Code   446  stm32f1xx_hal_gpio.o(i.HAL_GPIO_Init)
    HAL_GPIO_ReadPin                         0x08000c65   Thumb Code    10  stm32f1xx_hal_gpio.o(i.HAL_GPIO_ReadPin)
    HAL_GPIO_TogglePin                       0x08000c6f   Thumb Code    16  stm32f1xx_hal_gpio.o(i.HAL_GPIO_TogglePin)
    HAL_GPIO_WritePin                        0x08000c7f   Thumb Code    10  stm32f1xx_hal_gpio.o(i.HAL_GPIO_WritePin)
    HAL_GetTick                              0x08000c89   Thumb Code     6  stm32f1xx_hal.o(i.HAL_GetTick)
    HAL_I2C_Init                             0x08000c95   Thumb Code   376  stm32f1xx_hal_i2c.o(i.HAL_I2C_Init)
    HAL_I2C_Mem_Write                        0x08000e1d   Thumb Code   294  stm32f1xx_hal_i2c.o(i.HAL_I2C_Mem_Write)
    HAL_I2C_MspInit                          0x08000f4d   Thumb Code    96  i2c.o(i.HAL_I2C_MspInit)
    HAL_IncTick                              0x08000fbd   Thumb Code    12  stm32f1xx_hal.o(i.HAL_IncTick)
    HAL_Init                                 0x08000fcd   Thumb Code    32  stm32f1xx_hal.o(i.HAL_Init)
    HAL_InitTick                             0x08000ff1   Thumb Code    54  stm32f1xx_hal.o(i.HAL_InitTick)
    HAL_MspInit                              0x08001031   Thumb Code    52  stm32f1xx_hal_msp.o(i.HAL_MspInit)
    HAL_NVIC_EnableIRQ                       0x0800106d   Thumb Code    26  stm32f1xx_hal_cortex.o(i.HAL_NVIC_EnableIRQ)
    HAL_NVIC_SetPriority                     0x08001089   Thumb Code    60  stm32f1xx_hal_cortex.o(i.HAL_NVIC_SetPriority)
    HAL_NVIC_SetPriorityGrouping             0x080010c9   Thumb Code    26  stm32f1xx_hal_cortex.o(i.HAL_NVIC_SetPriorityGrouping)
    HAL_RCC_ClockConfig                      0x080010ed   Thumb Code   280  stm32f1xx_hal_rcc.o(i.HAL_RCC_ClockConfig)
    HAL_RCC_GetPCLK1Freq                     0x08001219   Thumb Code    20  stm32f1xx_hal_rcc.o(i.HAL_RCC_GetPCLK1Freq)
    HAL_RCC_GetPCLK2Freq                     0x08001239   Thumb Code    20  stm32f1xx_hal_rcc.o(i.HAL_RCC_GetPCLK2Freq)
    HAL_RCC_GetSysClockFreq                  0x08001259   Thumb Code    74  stm32f1xx_hal_rcc.o(i.HAL_RCC_GetSysClockFreq)
    HAL_RCC_OscConfig                        0x080012c5   Thumb Code   778  stm32f1xx_hal_rcc.o(i.HAL_RCC_OscConfig)
    HAL_SYSTICK_Config                       0x080015e5   Thumb Code    40  stm32f1xx_hal_cortex.o(i.HAL_SYSTICK_Config)
    HAL_TIMEx_BreakCallback                  0x0800160d   Thumb Code     2  stm32f1xx_hal_tim_ex.o(i.HAL_TIMEx_BreakCallback)
    HAL_TIMEx_CommutCallback                 0x0800160f   Thumb Code     2  stm32f1xx_hal_tim_ex.o(i.HAL_TIMEx_CommutCallback)
    HAL_TIMEx_MasterConfigSynchronization    0x08001611   Thumb Code    92  stm32f1xx_hal_tim_ex.o(i.HAL_TIMEx_MasterConfigSynchronization)
    HAL_TIM_Base_Init                        0x08001679   Thumb Code    90  stm32f1xx_hal_tim.o(i.HAL_TIM_Base_Init)
    HAL_TIM_Base_MspInit                     0x080016d5   Thumb Code   122  tim.o(i.HAL_TIM_Base_MspInit)
    HAL_TIM_Base_Start_IT                    0x0800175d   Thumb Code    76  stm32f1xx_hal_tim.o(i.HAL_TIM_Base_Start_IT)
    HAL_TIM_ConfigClockSource                0x080017b5   Thumb Code   214  stm32f1xx_hal_tim.o(i.HAL_TIM_ConfigClockSource)
    HAL_TIM_IC_CaptureCallback               0x0800188b   Thumb Code     2  stm32f1xx_hal_tim.o(i.HAL_TIM_IC_CaptureCallback)
    HAL_TIM_IRQHandler                       0x0800188d   Thumb Code   358  stm32f1xx_hal_tim.o(i.HAL_TIM_IRQHandler)
    HAL_TIM_OC_DelayElapsedCallback          0x080019f3   Thumb Code     2  stm32f1xx_hal_tim.o(i.HAL_TIM_OC_DelayElapsedCallback)
    HAL_TIM_PWM_PulseFinishedCallback        0x080019f5   Thumb Code     2  stm32f1xx_hal_tim.o(i.HAL_TIM_PWM_PulseFinishedCallback)
    HAL_TIM_PeriodElapsedCallback            0x080019f9   Thumb Code   200  main.o(i.HAL_TIM_PeriodElapsedCallback)
    HAL_TIM_TriggerCallback                  0x08001acd   Thumb Code     2  stm32f1xx_hal_tim.o(i.HAL_TIM_TriggerCallback)
    HAL_UARTEx_RxEventCallback               0x08001acf   Thumb Code     2  stm32f1xx_hal_uart.o(i.HAL_UARTEx_RxEventCallback)
    HAL_UART_ErrorCallback                   0x08001ad1   Thumb Code     2  stm32f1xx_hal_uart.o(i.HAL_UART_ErrorCallback)
    HAL_UART_IRQHandler                      0x08001ad5   Thumb Code   520  stm32f1xx_hal_uart.o(i.HAL_UART_IRQHandler)
    HAL_UART_Init                            0x08001ce1   Thumb Code    98  stm32f1xx_hal_uart.o(i.HAL_UART_Init)
    HAL_UART_MspInit                         0x08001d45   Thumb Code   244  usart.o(i.HAL_UART_MspInit)
    HAL_UART_Receive_IT                      0x08001e51   Thumb Code    42  stm32f1xx_hal_uart.o(i.HAL_UART_Receive_IT)
    HAL_UART_RxCpltCallback                  0x08001e7d   Thumb Code    16  main.o(i.HAL_UART_RxCpltCallback)
    HAL_UART_Transmit                        0x08001e95   Thumb Code   178  stm32f1xx_hal_uart.o(i.HAL_UART_Transmit)
    HAL_UART_TxCpltCallback                  0x08001f47   Thumb Code     2  stm32f1xx_hal_uart.o(i.HAL_UART_TxCpltCallback)
    HardFault_Handler                        0x08001f49   Thumb Code     2  stm32f1xx_it.o(i.HardFault_Handler)
    IRING                                    0x080021b9   Thumb Code   118  main.o(i.IRING)
    MENU                                     0x0800223d   Thumb Code   124  main.o(i.MENU)
    MENU1                                    0x080022d5   Thumb Code   128  main.o(i.MENU1)
    MENU2                                    0x08002371   Thumb Code   126  main.o(i.MENU2)
    MENU3                                    0x08002411   Thumb Code   126  main.o(i.MENU3)
    MX_GPIO_Init                             0x080024ad   Thumb Code   246  gpio.o(i.MX_GPIO_Init)
    MX_I2C1_Init                             0x080025bd   Thumb Code    50  i2c.o(i.MX_I2C1_Init)
    MX_TIM1_Init                             0x080025fd   Thumb Code    96  tim.o(i.MX_TIM1_Init)
    MX_TIM2_Init                             0x08002665   Thumb Code    96  tim.o(i.MX_TIM2_Init)
    MX_TIM3_Init                             0x080026c9   Thumb Code    94  tim.o(i.MX_TIM3_Init)
    MX_USART1_UART_Init                      0x08002731   Thumb Code    48  usart.o(i.MX_USART1_UART_Init)
    MX_USART2_UART_Init                      0x08002769   Thumb Code    48  usart.o(i.MX_USART2_UART_Init)
    MX_USART3_UART_Init                      0x080027a1   Thumb Code    48  usart.o(i.MX_USART3_UART_Init)
    MemManage_Handler                        0x080027d9   Thumb Code     2  stm32f1xx_it.o(i.MemManage_Handler)
    NMI_Handler                              0x080027db   Thumb Code     2  stm32f1xx_it.o(i.NMI_Handler)
    OffKeyPad                                0x080027dd   Thumb Code    48  keypad_satr.o(i.OffKeyPad)
    PREVIEW                                  0x08002811   Thumb Code    90  main.o(i.PREVIEW)
    PendSV_Handler                           0x0800287d   Thumb Code     2  stm32f1xx_it.o(i.PendSV_Handler)
    SNAKE                                    0x08002881   Thumb Code    28  main.o(i.SNAKE)
    SVC_Handler                              0x080028a1   Thumb Code     2  stm32f1xx_it.o(i.SVC_Handler)
    SysTick_Handler                          0x080028a3   Thumb Code     4  stm32f1xx_it.o(i.SysTick_Handler)
    SystemClock_Config                       0x080028a7   Thumb Code    80  main.o(i.SystemClock_Config)
    SystemInit                               0x080028f7   Thumb Code     2  system_stm32f1xx.o(i.SystemInit)
    TIM1_UP_IRQHandler                       0x080028f9   Thumb Code     6  stm32f1xx_it.o(i.TIM1_UP_IRQHandler)
    TIM2_IRQHandler                          0x08002905   Thumb Code     6  stm32f1xx_it.o(i.TIM2_IRQHandler)
    TIM3_IRQHandler                          0x08002911   Thumb Code     6  stm32f1xx_it.o(i.TIM3_IRQHandler)
    TIME                                     0x0800291d   Thumb Code   742  main.o(i.TIME)
    TIM_Base_SetConfig                       0x08002c45   Thumb Code    94  stm32f1xx_hal_tim.o(i.TIM_Base_SetConfig)
    TIM_ETR_SetConfig                        0x08002cb1   Thumb Code    20  stm32f1xx_hal_tim.o(i.TIM_ETR_SetConfig)
    UART_Start_Receive_IT                    0x08002ec9   Thumb Code    54  stm32f1xx_hal_uart.o(i.UART_Start_Receive_IT)
    USART1_IRQHandler                        0x08002f65   Thumb Code     6  stm32f1xx_it.o(i.USART1_IRQHandler)
    UsageFault_Handler                       0x08002f71   Thumb Code     2  stm32f1xx_it.o(i.UsageFault_Handler)
    clk_TIM                                  0x08002f95   Thumb Code   272  clk.o(i.clk_TIM)
    clk_edit                                 0x08003129   Thumb Code   272  clk.o(i.clk_edit)
    clk_menu                                 0x080032bd   Thumb Code   144  clk.o(i.clk_menu)
    clk_preveiw                              0x08003381   Thumb Code   144  clk.o(i.clk_preveiw)
    gameover                                 0x08003445   Thumb Code   264  main.o(i.gameover)
    header                                   0x08003571   Thumb Code   470  main.o(i.header)
    keypad_refresh                           0x0800375d   Thumb Code    94  keypad_satr.o(i.keypad_refresh)
    khoshamad                                0x080037c1   Thumb Code   116  main.o(i.khoshamad)
    main                                     0x08003851   Thumb Code   226  main.o(i.main)
    namayesh                                 0x0800394d   Thumb Code   146  calender.o(i.namayesh)
    painter__                                0x08003a1d   Thumb Code    32  painter.o(i.painter__)
    pishzamine                               0x08003a3d   Thumb Code    58  timer.o(i.pishzamine)
    ssd1306_DrawPixel                        0x08003a81   Thumb Code    54  ssd1306.o(i.ssd1306_DrawPixel)
    ssd1306_Fill                             0x08003ac1   Thumb Code    28  ssd1306.o(i.ssd1306_Fill)
    ssd1306_Init                             0x08003ae1   Thumb Code   200  ssd1306.o(i.ssd1306_Init)
    ssd1306_SetCursor                        0x08003bad   Thumb Code     8  ssd1306.o(i.ssd1306_SetCursor)
    ssd1306_UpdateScreen                     0x08003bb9   Thumb Code    50  ssd1306.o(i.ssd1306_UpdateScreen)
    ssd1306_WriteChar                        0x08003bf1   Thumb Code   150  ssd1306.o(i.ssd1306_WriteChar)
    ssd1306_WriteCommand                     0x08003c8d   Thumb Code    32  ssd1306.o(i.ssd1306_WriteCommand)
    ssd1306_WriteData                        0x08003cb1   Thumb Code    26  ssd1306.o(i.ssd1306_WriteData)
    ssd1306_WriteString                      0x08003cd1   Thumb Code    44  ssd1306.o(i.ssd1306_WriteString)
    yabesh                                   0x08003cfd   Thumb Code    86  call.o(i.yabesh)
    AHBPrescTable                            0x080050a4   Data          16  system_stm32f1xx.o(.constdata)
    APBPrescTable                            0x080050b4   Data           8  system_stm32f1xx.o(.constdata)
    Region$$Table$$Base                      0x080050bc   Number         0  anon$$obj.o(Region$$Table)
    Region$$Table$$Limit                     0x080050dc   Number         0  anon$$obj.o(Region$$Table)
    Font_6x8                                 0x20000008   Data           8  ssd1306_fonts.o(.data)
    Font_11x18                               0x20000010   Data           8  ssd1306_fonts.o(.data)
    score                                    0x20000018   Data           1  main.o(.data)
    buf                                      0x20000019   Data           1  main.o(.data)
    leyer                                    0x2000001a   Data           2  main.o(.data)
    random                                   0x2000001c   Data           2  main.o(.data)
    ALARM                                    0x2000001e   Data           3  main.o(.data)
    flg                                      0x20000021   Data           4  main.o(.data)
    tedad                                    0x20000028   Data           4  main.o(.data)
    timer_shomar                             0x2000002c   Data           4  main.o(.data)
    CURRENT_TIME                             0x20000030   Data           6  main.o(.data)
    key_pad                                  0x20000036   Data           7  main.o(.data)
    makan_qarch_jadid                        0x20000040   Data           8  main.o(.data)
    makan_qarch_feli                         0x20000048   Data           8  main.o(.data)
    UART                                     0x20000050   Data          44  main.o(.data)
    DATE                                     0x2000007c   Data          12  main.o(.data)
    flg2                                     0x20000088   Data          20  main.o(.data)
    uwTickFreq                               0x2000009c   Data           1  stm32f1xx_hal.o(.data)
    uwTickPrio                               0x200000a0   Data           4  stm32f1xx_hal.o(.data)
    uwTick                                   0x200000a4   Data           4  stm32f1xx_hal.o(.data)
    SystemCoreClock                          0x200000a8   Data           4  system_stm32f1xx.o(.data)
    moredcpy                                 0x200004ac   Data          10  call.o(.bss)
    CAL                                      0x200004b8   Data          60  main.o(.bss)
    EDIT_TIME                                0x200004f4   Data          12  main.o(.bss)
    makan                                    0x20000500   Data         888  main.o(.bss)
    hi2c1                                    0x20000878   Data          84  i2c.o(.bss)
    htim1                                    0x200008cc   Data          72  tim.o(.bss)
    htim2                                    0x20000914   Data          72  tim.o(.bss)
    htim3                                    0x2000095c   Data          72  tim.o(.bss)
    huart1                                   0x200009a4   Data          68  usart.o(.bss)
    huart2                                   0x200009e8   Data          68  usart.o(.bss)
    huart3                                   0x20000a2c   Data          68  usart.o(.bss)
    _random_number_data                      0x20000a70   Data         228  rand.o(.bss)
    __libspace_start                         0x20000b54   Data          96  libspace.o(.bss)
    __temporary_stack_top$libspace           0x20000bb4   Data           0  libspace.o(.bss)



==============================================================================

Memory Map of the image

  Image Entry point : 0x080000ed

  Load Region LR_IROM1 (Base: 0x08000000, Size: 0x00005188, Max: 0x00010000, ABSOLUTE)

    Execution Region ER_IROM1 (Exec base: 0x08000000, Load base: 0x08000000, Size: 0x000050dc, Max: 0x00010000, ABSOLUTE)

    Exec Addr    Load Addr    Size         Type   Attr      Idx    E Section Name        Object

    0x08000000   0x08000000   0x000000ec   Data   RO            3    RESET               startup_stm32f103xb.o
    0x080000ec   0x080000ec   0x00000008   Code   RO         3787  * !!!main             c_w.l(__main.o)
    0x080000f4   0x080000f4   0x00000034   Code   RO         3953    !!!scatter          c_w.l(__scatter.o)
    0x08000128   0x08000128   0x0000001a   Code   RO         3955    !!handler_copy      c_w.l(__scatter_copy.o)
    0x08000142   0x08000142   0x00000002   PAD
    0x08000144   0x08000144   0x0000001c   Code   RO         3957    !!handler_zi        c_w.l(__scatter_zi.o)
    0x08000160   0x08000160   0x00000000   Code   RO         3775    .ARM.Collect$$_printf_percent$$00000000  c_w.l(_printf_percent.o)
    0x08000160   0x08000160   0x00000006   Code   RO         3774    .ARM.Collect$$_printf_percent$$00000009  c_w.l(_printf_d.o)
    0x08000166   0x08000166   0x00000004   Code   RO         3796    .ARM.Collect$$_printf_percent$$00000017  c_w.l(_printf_percent_end.o)
    0x0800016a   0x0800016a   0x00000002   Code   RO         3876    .ARM.Collect$$libinit$$00000000  c_w.l(libinit.o)
    0x0800016c   0x0800016c   0x00000000   Code   RO         3798    .ARM.Collect$$libinit$$00000002  c_w.l(libinit2.o)
    0x0800016c   0x0800016c   0x00000000   Code   RO         3800    .ARM.Collect$$libinit$$00000004  c_w.l(libinit2.o)
    0x0800016c   0x0800016c   0x00000000   Code   RO         3803    .ARM.Collect$$libinit$$0000000A  c_w.l(libinit2.o)
    0x0800016c   0x0800016c   0x00000000   Code   RO         3805    .ARM.Collect$$libinit$$0000000C  c_w.l(libinit2.o)
    0x0800016c   0x0800016c   0x00000004   Code   RO         3806    .ARM.Collect$$libinit$$0000000D  c_w.l(libinit2.o)
    0x08000170   0x08000170   0x00000000   Code   RO         3807    .ARM.Collect$$libinit$$0000000E  c_w.l(libinit2.o)
    0x08000170   0x08000170   0x00000000   Code   RO         3810    .ARM.Collect$$libinit$$00000011  c_w.l(libinit2.o)
    0x08000170   0x08000170   0x00000000   Code   RO         3812    .ARM.Collect$$libinit$$00000013  c_w.l(libinit2.o)
    0x08000170   0x08000170   0x00000000   Code   RO         3814    .ARM.Collect$$libinit$$00000015  c_w.l(libinit2.o)
    0x08000170   0x08000170   0x00000000   Code   RO         3816    .ARM.Collect$$libinit$$00000017  c_w.l(libinit2.o)
    0x08000170   0x08000170   0x00000000   Code   RO         3818    .ARM.Collect$$libinit$$00000019  c_w.l(libinit2.o)
    0x08000170   0x08000170   0x00000000   Code   RO         3820    .ARM.Collect$$libinit$$0000001B  c_w.l(libinit2.o)
    0x08000170   0x08000170   0x00000000   Code   RO         3822    .ARM.Collect$$libinit$$0000001D  c_w.l(libinit2.o)
    0x08000170   0x08000170   0x00000000   Code   RO         3824    .ARM.Collect$$libinit$$0000001F  c_w.l(libinit2.o)
    0x08000170   0x08000170   0x00000000   Code   RO         3826    .ARM.Collect$$libinit$$00000021  c_w.l(libinit2.o)
    0x08000170   0x08000170   0x00000000   Code   RO         3828    .ARM.Collect$$libinit$$00000023  c_w.l(libinit2.o)
    0x08000170   0x08000170   0x00000000   Code   RO         3830    .ARM.Collect$$libinit$$00000025  c_w.l(libinit2.o)
    0x08000170   0x08000170   0x00000000   Code   RO         3834    .ARM.Collect$$libinit$$0000002C  c_w.l(libinit2.o)
    0x08000170   0x08000170   0x00000000   Code   RO         3836    .ARM.Collect$$libinit$$0000002E  c_w.l(libinit2.o)
    0x08000170   0x08000170   0x00000000   Code   RO         3838    .ARM.Collect$$libinit$$00000030  c_w.l(libinit2.o)
    0x08000170   0x08000170   0x00000000   Code   RO         3840    .ARM.Collect$$libinit$$00000032  c_w.l(libinit2.o)
    0x08000170   0x08000170   0x00000002   Code   RO         3841    .ARM.Collect$$libinit$$00000033  c_w.l(libinit2.o)
    0x08000172   0x08000172   0x00000002   Code   RO         3914    .ARM.Collect$$libshutdown$$00000000  c_w.l(libshutdown.o)
    0x08000174   0x08000174   0x00000000   Code   RO         3920    .ARM.Collect$$libshutdown$$00000002  c_w.l(libshutdown2.o)
    0x08000174   0x08000174   0x00000000   Code   RO         3922    .ARM.Collect$$libshutdown$$00000004  c_w.l(libshutdown2.o)
    0x08000174   0x08000174   0x00000000   Code   RO         3925    .ARM.Collect$$libshutdown$$00000007  c_w.l(libshutdown2.o)
    0x08000174   0x08000174   0x00000000   Code   RO         3928    .ARM.Collect$$libshutdown$$0000000A  c_w.l(libshutdown2.o)
    0x08000174   0x08000174   0x00000000   Code   RO         3930    .ARM.Collect$$libshutdown$$0000000C  c_w.l(libshutdown2.o)
    0x08000174   0x08000174   0x00000000   Code   RO         3933    .ARM.Collect$$libshutdown$$0000000F  c_w.l(libshutdown2.o)
    0x08000174   0x08000174   0x00000002   Code   RO         3934    .ARM.Collect$$libshutdown$$00000010  c_w.l(libshutdown2.o)
    0x08000176   0x08000176   0x00000000   Code   RO         3789    .ARM.Collect$$rtentry$$00000000  c_w.l(__rtentry.o)
    0x08000176   0x08000176   0x00000000   Code   RO         3843    .ARM.Collect$$rtentry$$00000002  c_w.l(__rtentry2.o)
    0x08000176   0x08000176   0x00000006   Code   RO         3855    .ARM.Collect$$rtentry$$00000004  c_w.l(__rtentry4.o)
    0x0800017c   0x0800017c   0x00000000   Code   RO         3845    .ARM.Collect$$rtentry$$00000009  c_w.l(__rtentry2.o)
    0x0800017c   0x0800017c   0x00000004   Code   RO         3846    .ARM.Collect$$rtentry$$0000000A  c_w.l(__rtentry2.o)
    0x08000180   0x08000180   0x00000000   Code   RO         3848    .ARM.Collect$$rtentry$$0000000C  c_w.l(__rtentry2.o)
    0x08000180   0x08000180   0x00000008   Code   RO         3849    .ARM.Collect$$rtentry$$0000000D  c_w.l(__rtentry2.o)
    0x08000188   0x08000188   0x00000002   Code   RO         3882    .ARM.Collect$$rtexit$$00000000  c_w.l(rtexit.o)
    0x0800018a   0x0800018a   0x00000000   Code   RO         3894    .ARM.Collect$$rtexit$$00000002  c_w.l(rtexit2.o)
    0x0800018a   0x0800018a   0x00000004   Code   RO         3895    .ARM.Collect$$rtexit$$00000003  c_w.l(rtexit2.o)
    0x0800018e   0x0800018e   0x00000006   Code   RO         3896    .ARM.Collect$$rtexit$$00000004  c_w.l(rtexit2.o)
    0x08000194   0x08000194   0x00000034   Code   RO         3776    .emb_text           c_w.l(rand.o)
    0x080001c8   0x080001c8   0x00000040   Code   RO            4    .text               startup_stm32f103xb.o
    0x08000208   0x08000208   0x00000028   Code   RO         3748    .text               c_w.l(noretval__2sprintf.o)
    0x08000230   0x08000230   0x00000068   Code   RO         3750    .text               c_w.l(__printf.o)
    0x08000298   0x08000298   0x00000078   Code   RO         3752    .text               c_w.l(_printf_dec.o)
    0x08000310   0x08000310   0x0000003c   Code   RO         3777    .text               c_w.l(rand.o)
    0x0800034c   0x0800034c   0x00000048   Code   RO         3781    .text               c_w.l(strcpy.o)
    0x08000394   0x08000394   0x0000004e   Code   RO         3783    .text               c_w.l(rt_memclr_w.o)
    0x080003e2   0x080003e2   0x00000006   Code   RO         3785    .text               c_w.l(heapauxi.o)
    0x080003e8   0x080003e8   0x000000b2   Code   RO         3790    .text               c_w.l(_printf_intcommon.o)
    0x0800049a   0x0800049a   0x00000002   PAD
    0x0800049c   0x0800049c   0x00000030   Code   RO         3792    .text               c_w.l(_printf_char_common.o)
    0x080004cc   0x080004cc   0x0000000a   Code   RO         3794    .text               c_w.l(_sputc.o)
    0x080004d6   0x080004d6   0x0000004a   Code   RO         3863    .text               c_w.l(sys_stackheap_outer.o)
    0x08000520   0x08000520   0x00000012   Code   RO         3865    .text               c_w.l(exit.o)
    0x08000532   0x08000532   0x00000002   PAD
    0x08000534   0x08000534   0x00000008   Code   RO         3879    .text               c_w.l(libspace.o)
    0x0800053c   0x0800053c   0x00000002   Code   RO         3890    .text               c_w.l(use_no_semi.o)
    0x0800053e   0x0800053e   0x00000000   Code   RO         3892    .text               c_w.l(indicate_semi.o)
    0x0800053e   0x0800053e   0x00000002   PAD
    0x08000540   0x08000540   0x0000000c   Code   RO         3906    .text               c_w.l(sys_exit.o)
    0x0800054c   0x0800054c   0x00000002   Code   RO          792    i.BusFault_Handler  stm32f1xx_it.o
    0x0800054e   0x0800054e   0x00000002   PAD
    0x08000550   0x08000550   0x0000004c   Code   RO          461    i.CALENDER          main.o
    0x0800059c   0x0800059c   0x000000ec   Code   RO          462    i.CALL              main.o
    0x08000688   0x08000688   0x00000002   Code   RO          793    i.DebugMon_Handler  stm32f1xx_it.o
    0x0800068a   0x0800068a   0x00000006   Code   RO          794    i.EXTI0_IRQHandler  stm32f1xx_it.o
    0x08000690   0x08000690   0x00000026   Code   RO          795    i.EXTI15_10_IRQHandler  stm32f1xx_it.o
    0x080006b6   0x080006b6   0x00000006   Code   RO          796    i.EXTI1_IRQHandler  stm32f1xx_it.o
    0x080006bc   0x080006bc   0x00000004   Code   RO          463    i.Error_Handler     main.o
    0x080006c0   0x080006c0   0x0000010c   Code   RO          464    i.FRING             main.o
    0x080007cc   0x080007cc   0x00000046   Code   RO         1781    i.HAL_DMA_Abort     stm32f1xx_hal_dma.o
    0x08000812   0x08000812   0x00000002   PAD
    0x08000814   0x08000814   0x00000098   Code   RO         1782    i.HAL_DMA_Abort_IT  stm32f1xx_hal_dma.o
    0x080008ac   0x080008ac   0x00000024   Code   RO         1409    i.HAL_Delay         stm32f1xx_hal.o
    0x080008d0   0x080008d0   0x0000019c   Code   RO          465    i.HAL_GPIO_EXTI_Callback  main.o
    0x08000a6c   0x08000a6c   0x00000018   Code   RO         1716    i.HAL_GPIO_EXTI_IRQHandler  stm32f1xx_hal_gpio.o
    0x08000a84   0x08000a84   0x000001e0   Code   RO         1717    i.HAL_GPIO_Init     stm32f1xx_hal_gpio.o
    0x08000c64   0x08000c64   0x0000000a   Code   RO         1719    i.HAL_GPIO_ReadPin  stm32f1xx_hal_gpio.o
    0x08000c6e   0x08000c6e   0x00000010   Code   RO         1720    i.HAL_GPIO_TogglePin  stm32f1xx_hal_gpio.o
    0x08000c7e   0x08000c7e   0x0000000a   Code   RO         1721    i.HAL_GPIO_WritePin  stm32f1xx_hal_gpio.o
    0x08000c88   0x08000c88   0x0000000c   Code   RO         1413    i.HAL_GetTick       stm32f1xx_hal.o
    0x08000c94   0x08000c94   0x00000188   Code   RO          981    i.HAL_I2C_Init      stm32f1xx_hal_i2c.o
    0x08000e1c   0x08000e1c   0x00000130   Code   RO         1002    i.HAL_I2C_Mem_Write  stm32f1xx_hal_i2c.o
    0x08000f4c   0x08000f4c   0x00000070   Code   RO          643    i.HAL_I2C_MspInit   i2c.o
    0x08000fbc   0x08000fbc   0x00000010   Code   RO         1419    i.HAL_IncTick       stm32f1xx_hal.o
    0x08000fcc   0x08000fcc   0x00000024   Code   RO         1420    i.HAL_Init          stm32f1xx_hal.o
    0x08000ff0   0x08000ff0   0x00000040   Code   RO         1421    i.HAL_InitTick      stm32f1xx_hal.o
    0x08001030   0x08001030   0x0000003c   Code   RO          910    i.HAL_MspInit       stm32f1xx_hal_msp.o
    0x0800106c   0x0800106c   0x0000001a   Code   RO         1877    i.HAL_NVIC_EnableIRQ  stm32f1xx_hal_cortex.o
    0x08001086   0x08001086   0x00000002   PAD
    0x08001088   0x08001088   0x00000040   Code   RO         1883    i.HAL_NVIC_SetPriority  stm32f1xx_hal_cortex.o
    0x080010c8   0x080010c8   0x00000024   Code   RO         1884    i.HAL_NVIC_SetPriorityGrouping  stm32f1xx_hal_cortex.o
    0x080010ec   0x080010ec   0x0000012c   Code   RO         1577    i.HAL_RCC_ClockConfig  stm32f1xx_hal_rcc.o
    0x08001218   0x08001218   0x00000020   Code   RO         1584    i.HAL_RCC_GetPCLK1Freq  stm32f1xx_hal_rcc.o
    0x08001238   0x08001238   0x00000020   Code   RO         1585    i.HAL_RCC_GetPCLK2Freq  stm32f1xx_hal_rcc.o
    0x08001258   0x08001258   0x0000006c   Code   RO         1586    i.HAL_RCC_GetSysClockFreq  stm32f1xx_hal_rcc.o
    0x080012c4   0x080012c4   0x00000320   Code   RO         1589    i.HAL_RCC_OscConfig  stm32f1xx_hal_rcc.o
    0x080015e4   0x080015e4   0x00000028   Code   RO         1888    i.HAL_SYSTICK_Config  stm32f1xx_hal_cortex.o
    0x0800160c   0x0800160c   0x00000002   Code   RO         3083    i.HAL_TIMEx_BreakCallback  stm32f1xx_hal_tim_ex.o
    0x0800160e   0x0800160e   0x00000002   Code   RO         3084    i.HAL_TIMEx_CommutCallback  stm32f1xx_hal_tim_ex.o
    0x08001610   0x08001610   0x00000068   Code   RO         3102    i.HAL_TIMEx_MasterConfigSynchronization  stm32f1xx_hal_tim_ex.o
    0x08001678   0x08001678   0x0000005a   Code   RO         2379    i.HAL_TIM_Base_Init  stm32f1xx_hal_tim.o
    0x080016d2   0x080016d2   0x00000002   PAD
    0x080016d4   0x080016d4   0x00000088   Code   RO          685    i.HAL_TIM_Base_MspInit  tim.o
    0x0800175c   0x0800175c   0x00000058   Code   RO         2384    i.HAL_TIM_Base_Start_IT  stm32f1xx_hal_tim.o
    0x080017b4   0x080017b4   0x000000d6   Code   RO         2388    i.HAL_TIM_ConfigClockSource  stm32f1xx_hal_tim.o
    0x0800188a   0x0800188a   0x00000002   Code   RO         2413    i.HAL_TIM_IC_CaptureCallback  stm32f1xx_hal_tim.o
    0x0800188c   0x0800188c   0x00000166   Code   RO         2427    i.HAL_TIM_IRQHandler  stm32f1xx_hal_tim.o
    0x080019f2   0x080019f2   0x00000002   Code   RO         2430    i.HAL_TIM_OC_DelayElapsedCallback  stm32f1xx_hal_tim.o
    0x080019f4   0x080019f4   0x00000002   Code   RO         2457    i.HAL_TIM_PWM_PulseFinishedCallback  stm32f1xx_hal_tim.o
    0x080019f6   0x080019f6   0x00000002   PAD
    0x080019f8   0x080019f8   0x000000d4   Code   RO          466    i.HAL_TIM_PeriodElapsedCallback  main.o
    0x08001acc   0x08001acc   0x00000002   Code   RO         2470    i.HAL_TIM_TriggerCallback  stm32f1xx_hal_tim.o
    0x08001ace   0x08001ace   0x00000002   Code   RO         3361    i.HAL_UARTEx_RxEventCallback  stm32f1xx_hal_uart.o
    0x08001ad0   0x08001ad0   0x00000002   Code   RO         3375    i.HAL_UART_ErrorCallback  stm32f1xx_hal_uart.o
    0x08001ad2   0x08001ad2   0x00000002   PAD
    0x08001ad4   0x08001ad4   0x0000020c   Code   RO         3378    i.HAL_UART_IRQHandler  stm32f1xx_hal_uart.o
    0x08001ce0   0x08001ce0   0x00000062   Code   RO         3379    i.HAL_UART_Init     stm32f1xx_hal_uart.o
    0x08001d42   0x08001d42   0x00000002   PAD
    0x08001d44   0x08001d44   0x0000010c   Code   RO          739    i.HAL_UART_MspInit  usart.o
    0x08001e50   0x08001e50   0x0000002a   Code   RO         3384    i.HAL_UART_Receive_IT  stm32f1xx_hal_uart.o
    0x08001e7a   0x08001e7a   0x00000002   PAD
    0x08001e7c   0x08001e7c   0x00000018   Code   RO          467    i.HAL_UART_RxCpltCallback  main.o
    0x08001e94   0x08001e94   0x000000b2   Code   RO         3387    i.HAL_UART_Transmit  stm32f1xx_hal_uart.o
    0x08001f46   0x08001f46   0x00000002   Code   RO         3390    i.HAL_UART_TxCpltCallback  stm32f1xx_hal_uart.o
    0x08001f48   0x08001f48   0x00000002   Code   RO          797    i.HardFault_Handler  stm32f1xx_it.o
    0x08001f4a   0x08001f4a   0x0000002e   Code   RO         1023    i.I2C_IsAcknowledgeFailed  stm32f1xx_hal_i2c.o
    0x08001f78   0x08001f78   0x000000a8   Code   RO         1034    i.I2C_RequestMemoryWrite  stm32f1xx_hal_i2c.o
    0x08002020   0x08002020   0x0000004c   Code   RO         1038    i.I2C_WaitOnBTFFlagUntilTimeout  stm32f1xx_hal_i2c.o
    0x0800206c   0x0800206c   0x00000068   Code   RO         1039    i.I2C_WaitOnFlagUntilTimeout  stm32f1xx_hal_i2c.o
    0x080020d4   0x080020d4   0x00000096   Code   RO         1040    i.I2C_WaitOnMasterAddressFlagUntilTimeout  stm32f1xx_hal_i2c.o
    0x0800216a   0x0800216a   0x0000004c   Code   RO         1042    i.I2C_WaitOnTXEFlagUntilTimeout  stm32f1xx_hal_i2c.o
    0x080021b6   0x080021b6   0x00000002   PAD
    0x080021b8   0x080021b8   0x00000084   Code   RO          468    i.IRING             main.o
    0x0800223c   0x0800223c   0x00000098   Code   RO          469    i.MENU              main.o
    0x080022d4   0x080022d4   0x0000009c   Code   RO          470    i.MENU1             main.o
    0x08002370   0x08002370   0x000000a0   Code   RO          471    i.MENU2             main.o
    0x08002410   0x08002410   0x0000009c   Code   RO          472    i.MENU3             main.o
    0x080024ac   0x080024ac   0x00000110   Code   RO          618    i.MX_GPIO_Init      gpio.o
    0x080025bc   0x080025bc   0x00000040   Code   RO          644    i.MX_I2C1_Init      i2c.o
    0x080025fc   0x080025fc   0x00000068   Code   RO          686    i.MX_TIM1_Init      tim.o
    0x08002664   0x08002664   0x00000064   Code   RO          687    i.MX_TIM2_Init      tim.o
    0x080026c8   0x080026c8   0x00000068   Code   RO          688    i.MX_TIM3_Init      tim.o
    0x08002730   0x08002730   0x00000038   Code   RO          740    i.MX_USART1_UART_Init  usart.o
    0x08002768   0x08002768   0x00000038   Code   RO          741    i.MX_USART2_UART_Init  usart.o
    0x080027a0   0x080027a0   0x00000038   Code   RO          742    i.MX_USART3_UART_Init  usart.o
    0x080027d8   0x080027d8   0x00000002   Code   RO          798    i.MemManage_Handler  stm32f1xx_it.o
    0x080027da   0x080027da   0x00000002   Code   RO          799    i.NMI_Handler       stm32f1xx_it.o
    0x080027dc   0x080027dc   0x00000034   Code   RO          305    i.OffKeyPad         keypad_satr.o
    0x08002810   0x08002810   0x0000006c   Code   RO          473    i.PREVIEW           main.o
    0x0800287c   0x0800287c   0x00000002   Code   RO          800    i.PendSV_Handler    stm32f1xx_it.o
    0x0800287e   0x0800287e   0x00000002   PAD
    0x08002880   0x08002880   0x00000020   Code   RO          474    i.SNAKE             main.o
    0x080028a0   0x080028a0   0x00000002   Code   RO          801    i.SVC_Handler       stm32f1xx_it.o
    0x080028a2   0x080028a2   0x00000004   Code   RO          802    i.SysTick_Handler   stm32f1xx_it.o
    0x080028a6   0x080028a6   0x00000050   Code   RO          475    i.SystemClock_Config  main.o
    0x080028f6   0x080028f6   0x00000002   Code   RO         3708    i.SystemInit        system_stm32f1xx.o
    0x080028f8   0x080028f8   0x0000000c   Code   RO          803    i.TIM1_UP_IRQHandler  stm32f1xx_it.o
    0x08002904   0x08002904   0x0000000c   Code   RO          804    i.TIM2_IRQHandler   stm32f1xx_it.o
    0x08002910   0x08002910   0x0000000c   Code   RO          805    i.TIM3_IRQHandler   stm32f1xx_it.o
    0x0800291c   0x0800291c   0x00000328   Code   RO          476    i.TIME              main.o
    0x08002c44   0x08002c44   0x0000006c   Code   RO         2472    i.TIM_Base_SetConfig  stm32f1xx_hal_tim.o
    0x08002cb0   0x08002cb0   0x00000014   Code   RO         2483    i.TIM_ETR_SetConfig  stm32f1xx_hal_tim.o
    0x08002cc4   0x08002cc4   0x00000010   Code   RO         2484    i.TIM_ITRx_SetConfig  stm32f1xx_hal_tim.o
    0x08002cd4   0x08002cd4   0x00000022   Code   RO         2490    i.TIM_TI1_ConfigInputStage  stm32f1xx_hal_tim.o
    0x08002cf6   0x08002cf6   0x00000024   Code   RO         2492    i.TIM_TI2_ConfigInputStage  stm32f1xx_hal_tim.o
    0x08002d1a   0x08002d1a   0x00000010   Code   RO         3392    i.UART_DMAAbortOnError  stm32f1xx_hal_uart.o
    0x08002d2a   0x08002d2a   0x00000030   Code   RO         3402    i.UART_EndRxTransfer  stm32f1xx_hal_uart.o
    0x08002d5a   0x08002d5a   0x000000b6   Code   RO         3404    i.UART_Receive_IT   stm32f1xx_hal_uart.o
    0x08002e10   0x08002e10   0x000000b8   Code   RO         3405    i.UART_SetConfig    stm32f1xx_hal_uart.o
    0x08002ec8   0x08002ec8   0x00000036   Code   RO         3407    i.UART_Start_Receive_IT  stm32f1xx_hal_uart.o
    0x08002efe   0x08002efe   0x00000064   Code   RO         3408    i.UART_WaitOnFlagUntilTimeout  stm32f1xx_hal_uart.o
    0x08002f62   0x08002f62   0x00000002   PAD
    0x08002f64   0x08002f64   0x0000000c   Code   RO          806    i.USART1_IRQHandler  stm32f1xx_it.o
    0x08002f70   0x08002f70   0x00000002   Code   RO          807    i.UsageFault_Handler  stm32f1xx_it.o
    0x08002f72   0x08002f72   0x00000020   Code   RO         1890    i.__NVIC_SetPriority  stm32f1xx_hal_cortex.o
    0x08002f92   0x08002f92   0x00000002   PAD
    0x08002f94   0x08002f94   0x00000194   Code   RO          223    i.clk_TIM           clk.o
    0x08003128   0x08003128   0x00000194   Code   RO          224    i.clk_edit          clk.o
    0x080032bc   0x080032bc   0x000000c4   Code   RO          225    i.clk_menu          clk.o
    0x08003380   0x08003380   0x000000c4   Code   RO          226    i.clk_preveiw       clk.o
    0x08003444   0x08003444   0x0000012c   Code   RO          477    i.gameover          main.o
    0x08003570   0x08003570   0x000001ec   Code   RO          478    i.header            main.o
    0x0800375c   0x0800375c   0x00000064   Code   RO          306    i.keypad_refresh    keypad_satr.o
    0x080037c0   0x080037c0   0x00000090   Code   RO          479    i.khoshamad         main.o
    0x08003850   0x08003850   0x000000fc   Code   RO          480    i.main              main.o
    0x0800394c   0x0800394c   0x000000d0   Code   RO          390    i.namayesh          calender.o
    0x08003a1c   0x08003a1c   0x00000020   Code   RO          281    i.painter__         painter.o
    0x08003a3c   0x08003a3c   0x00000044   Code   RO          339    i.pishzamine        timer.o
    0x08003a80   0x08003a80   0x00000040   Code   RO           13    i.ssd1306_DrawPixel  ssd1306.o
    0x08003ac0   0x08003ac0   0x00000020   Code   RO           14    i.ssd1306_Fill      ssd1306.o
    0x08003ae0   0x08003ae0   0x000000cc   Code   RO           15    i.ssd1306_Init      ssd1306.o
    0x08003bac   0x08003bac   0x0000000c   Code   RO           17    i.ssd1306_SetCursor  ssd1306.o
    0x08003bb8   0x08003bb8   0x00000038   Code   RO           18    i.ssd1306_UpdateScreen  ssd1306.o
    0x08003bf0   0x08003bf0   0x0000009c   Code   RO           19    i.ssd1306_WriteChar  ssd1306.o
    0x08003c8c   0x08003c8c   0x00000024   Code   RO           20    i.ssd1306_WriteCommand  ssd1306.o
    0x08003cb0   0x08003cb0   0x00000020   Code   RO           21    i.ssd1306_WriteData  ssd1306.o
    0x08003cd0   0x08003cd0   0x0000002c   Code   RO           22    i.ssd1306_WriteString  ssd1306.o
    0x08003cfc   0x08003cfc   0x0000005c   Code   RO          420    i.yabesh            call.o
    0x08003d58   0x08003d58   0x00000d5c   Data   RO          192    .constdata          ssd1306_fonts.o
    0x08004ab4   0x08004ab4   0x000005f0   Data   RO          203    .constdata          ssd1306_fonts.o
    0x080050a4   0x080050a4   0x00000010   Data   RO         3709    .constdata          system_stm32f1xx.o
    0x080050b4   0x080050b4   0x00000008   Data   RO         3710    .constdata          system_stm32f1xx.o
    0x080050bc   0x080050bc   0x00000020   Data   RO         3951    Region$$Table       anon$$obj.o


    Execution Region RW_IRAM1 (Exec base: 0x20000000, Load base: 0x080050dc, Size: 0x000011b8, Max: 0x00005000, ABSOLUTE)

    Exec Addr    Load Addr    Size         Type   Attr      Idx    E Section Name        Object

    0x20000000   0x080050dc   0x00000006   Data   RW           25    .data               ssd1306.o
    0x20000006   0x080050e2   0x00000002   PAD
    0x20000008   0x080050e4   0x00000008   Data   RW          204    .data               ssd1306_fonts.o
    0x20000010   0x080050ec   0x00000008   Data   RW          207    .data               ssd1306_fonts.o
    0x20000018   0x080050f4   0x00000084   Data   RW          482    .data               main.o
    0x2000009c   0x08005178   0x0000000c   Data   RW         1427    .data               stm32f1xx_hal.o
    0x200000a8   0x08005184   0x00000004   Data   RW         3711    .data               system_stm32f1xx.o
    0x200000ac        -       0x00000400   Zero   RW           24    .bss                ssd1306.o
    0x200004ac        -       0x0000000a   Zero   RW          421    .bss                call.o
    0x200004b6   0x08005188   0x00000002   PAD
    0x200004b8        -       0x000003c0   Zero   RW          481    .bss                main.o
    0x20000878        -       0x00000054   Zero   RW          645    .bss                i2c.o
    0x200008cc        -       0x000000d8   Zero   RW          689    .bss                tim.o
    0x200009a4        -       0x000000cc   Zero   RW          743    .bss                usart.o
    0x20000a70        -       0x000000e4   Zero   RW         3778    .bss                c_w.l(rand.o)
    0x20000b54        -       0x00000060   Zero   RW         3880    .bss                c_w.l(libspace.o)
    0x20000bb4   0x08005188   0x00000004   PAD
    0x20000bb8        -       0x00000200   Zero   RW            2    HEAP                startup_stm32f103xb.o
    0x20000db8        -       0x00000400   Zero   RW            1    STACK               startup_stm32f103xb.o


==============================================================================

Image component sizes


      Code (inc. data)   RO Data    RW Data    ZI Data      Debug   Object Name

       208         62          0          0          0        751   calender.o
        92          6          0          0         10       1225   call.o
      1200        368          0          0          0       3482   clk.o
       272         26          0          0          0       1003   gpio.o
       176         30          0          0         84       1641   i2c.o
       152         10          0          0          0       3457   keypad_satr.o
      4204        454          0        132        960      15109   main.o
        32          0          0          0          0        620   painter.o
       636         44          0          6       1024     439087   ssd1306.o
         0          0       4940         16          0       1631   ssd1306_fonts.o
        64         26        236          0       1536        804   startup_stm32f103xb.o
       164         28          0         12          0       5857   stm32f1xx_hal.o
       198         14          0          0          0      28919   stm32f1xx_hal_cortex.o
       222          4          0          0          0       1755   stm32f1xx_hal_dma.o
       540         40          0          0          0       4687   stm32f1xx_hal_gpio.o
      1316         32          0          0          0       9135   stm32f1xx_hal_i2c.o
        60          8          0          0          0        858   stm32f1xx_hal_msp.o
      1272        100          0          0          0       5164   stm32f1xx_hal_rcc.o
       972         26          0          0          0       9585   stm32f1xx_hal_tim.o
       108         12          0          0          0       2353   stm32f1xx_hal_tim_ex.o
      1432         10          0          0          0      10452   stm32f1xx_hal_uart.o
       118         24          0          0          0       6884   stm32f1xx_it.o
         2          0         24          4          0       1103   system_stm32f1xx.o
       444         36          0          0        216       3000   tim.o
        68         10          0          0          0        605   timer.o
       436         48          0          0        204       3008   usart.o

    ----------------------------------------------------------------------
     14412       1418       5232        172       4036     562175   Object Totals
         0          0         32          0          0          0   (incl. Generated)
        24          0          0          2          2          0   (incl. Padding)

    ----------------------------------------------------------------------

      Code (inc. data)   RO Data    RW Data    ZI Data      Debug   Library Member Name

         8          0          0          0          0         68   __main.o
       104          0          0          0          0         84   __printf.o
         0          0          0          0          0          0   __rtentry.o
        12          0          0          0          0          0   __rtentry2.o
         6          0          0          0          0          0   __rtentry4.o
        52          8          0          0          0          0   __scatter.o
        26          0          0          0          0          0   __scatter_copy.o
        28          0          0          0          0          0   __scatter_zi.o
        48          6          0          0          0         96   _printf_char_common.o
         6          0          0          0          0          0   _printf_d.o
       120         16          0          0          0         92   _printf_dec.o
       178          0          0          0          0         88   _printf_intcommon.o
         0          0          0          0          0          0   _printf_percent.o
         4          0          0          0          0          0   _printf_percent_end.o
        10          0          0          0          0         68   _sputc.o
        18          0          0          0          0         80   exit.o
         6          0          0          0          0        152   heapauxi.o
         0          0          0          0          0          0   indicate_semi.o
         2          0          0          0          0          0   libinit.o
         6          0          0          0          0          0   libinit2.o
         2          0          0          0          0          0   libshutdown.o
         2          0          0          0          0          0   libshutdown2.o
         8          4          0          0         96         68   libspace.o
        40          6          0          0          0         84   noretval__2sprintf.o
       112         18          0          0        228        160   rand.o
        78          0          0          0          0         80   rt_memclr_w.o
         2          0          0          0          0          0   rtexit.o
        10          0          0          0          0          0   rtexit2.o
        72          0          0          0          0         80   strcpy.o
        12          4          0          0          0         68   sys_exit.o
        74          0          0          0          0         80   sys_stackheap_outer.o
         2          0          0          0          0         68   use_no_semi.o

    ----------------------------------------------------------------------
      1056         62          0          0        328       1416   Library Totals
         8          0          0          0          4          0   (incl. Padding)

    ----------------------------------------------------------------------

      Code (inc. data)   RO Data    RW Data    ZI Data      Debug   Library Name

      1048         62          0          0        324       1416   c_w.l

    ----------------------------------------------------------------------
      1056         62          0          0        328       1416   Library Totals

    ----------------------------------------------------------------------

==============================================================================


      Code (inc. data)   RO Data    RW Data    ZI Data      Debug   

     15468       1480       5232        172       4364     556567   Grand Totals
     15468       1480       5232        172       4364     556567   ELF Image Totals
     15468       1480       5232        172          0          0   ROM Totals

==============================================================================

    Total RO  Size (Code + RO Data)                20700 (  20.21kB)
    Total RW  Size (RW Data + ZI Data)              4536 (   4.43kB)
    Total ROM Size (Code + RO Data + RW Data)      20872 (  20.38kB)

==============================================================================

